Component: Arm Compiler for Embedded 6.18 Tool: armlink [5e4cc100]

==============================================================================

Section Cross References

    startup_stm32f105xc.o(STACK) refers (Special) to heapauxi.o(.text) for __use_two_region_memory
    startup_stm32f105xc.o(HEAP) refers (Special) to heapauxi.o(.text) for __use_two_region_memory
    startup_stm32f105xc.o(RESET) refers (Special) to heapauxi.o(.text) for __use_two_region_memory
    startup_stm32f105xc.o(RESET) refers to startup_stm32f105xc.o(STACK) for __initial_sp
    startup_stm32f105xc.o(RESET) refers to startup_stm32f105xc.o(.text) for Reset_Handler
    startup_stm32f105xc.o(RESET) refers to stm32f1xx_it.o(.text.NMI_Handler) for NMI_Handler
    startup_stm32f105xc.o(RESET) refers to stm32f1xx_it.o(.text.HardFault_Handler) for HardFault_Handler
    startup_stm32f105xc.o(RESET) refers to stm32f1xx_it.o(.text.MemManage_Handler) for MemManage_Handler
    startup_stm32f105xc.o(RESET) refers to stm32f1xx_it.o(.text.BusFault_Handler) for BusFault_Handler
    startup_stm32f105xc.o(RESET) refers to stm32f1xx_it.o(.text.UsageFault_Handler) for UsageFault_Handler
    startup_stm32f105xc.o(RESET) refers to stm32f1xx_it.o(.text.SVC_Handler) for SVC_Handler
    startup_stm32f105xc.o(RESET) refers to stm32f1xx_it.o(.text.DebugMon_Handler) for DebugMon_Handler
    startup_stm32f105xc.o(RESET) refers to stm32f1xx_it.o(.text.PendSV_Handler) for PendSV_Handler
    startup_stm32f105xc.o(RESET) refers to stm32f1xx_it.o(.text.SysTick_Handler) for SysTick_Handler
    startup_stm32f105xc.o(RESET) refers to stm32f1xx_it.o(.text.CAN1_TX_IRQHandler) for CAN1_TX_IRQHandler
    startup_stm32f105xc.o(RESET) refers to stm32f1xx_it.o(.text.CAN1_RX0_IRQHandler) for CAN1_RX0_IRQHandler
    startup_stm32f105xc.o(RESET) refers to stm32f1xx_it.o(.text.CAN1_RX1_IRQHandler) for CAN1_RX1_IRQHandler
    startup_stm32f105xc.o(RESET) refers to stm32f1xx_it.o(.text.CAN2_TX_IRQHandler) for CAN2_TX_IRQHandler
    startup_stm32f105xc.o(RESET) refers to stm32f1xx_it.o(.text.CAN2_RX0_IRQHandler) for CAN2_RX0_IRQHandler
    startup_stm32f105xc.o(RESET) refers to stm32f1xx_it.o(.text.CAN2_RX1_IRQHandler) for CAN2_RX1_IRQHandler
    startup_stm32f105xc.o(.text) refers (Special) to heapauxi.o(.text) for __use_two_region_memory
    startup_stm32f105xc.o(.text) refers to system_stm32f1xx.o(.text.SystemInit) for SystemInit
    startup_stm32f105xc.o(.text) refers to __main.o(!!!main) for __main
    startup_stm32f105xc.o(.text) refers to startup_stm32f105xc.o(HEAP) for Heap_Mem
    startup_stm32f105xc.o(.text) refers to startup_stm32f105xc.o(STACK) for Stack_Mem
    can-bridge-firmware.o(.ARM.exidx.text.convert_array_to_5bc) refers to can-bridge-firmware.o(.text.convert_array_to_5bc) for [Anonymous Symbol]
    can-bridge-firmware.o(.text.calc_crc8) refers to can-bridge-firmware.o(.rodata.crctable) for crctable
    can-bridge-firmware.o(.ARM.exidx.text.calc_crc8) refers to can-bridge-firmware.o(.text.calc_crc8) for [Anonymous Symbol]
    can-bridge-firmware.o(.text.reset_state) refers to can-bridge-firmware.o(.bss..L_MergedGlobals.7) for .L_MergedGlobals.7
    can-bridge-firmware.o(.ARM.exidx.text.reset_state) refers to can-bridge-firmware.o(.text.reset_state) for [Anonymous Symbol]
    can-bridge-firmware.o(.ARM.exidx.text.convert_5bc_to_array) refers to can-bridge-firmware.o(.text.convert_5bc_to_array) for [Anonymous Symbol]
    can-bridge-firmware.o(.ARM.exidx.text.convert_5c0_to_array) refers to can-bridge-firmware.o(.text.convert_5c0_to_array) for [Anonymous Symbol]
    can-bridge-firmware.o(.text.calculate_SOH_bars) refers to can-bridge-firmware.o(.bss..L_MergedGlobals.7) for .L_MergedGlobals.7
    can-bridge-firmware.o(.ARM.exidx.text.calculate_SOH_bars) refers to can-bridge-firmware.o(.text.calculate_SOH_bars) for [Anonymous Symbol]
    can-bridge-firmware.o(.ARM.exidx.text.calc_sum4) refers to can-bridge-firmware.o(.text.calc_sum4) for [Anonymous Symbol]
    can-bridge-firmware.o(.text.one_second_ping) refers to can-bridge-firmware.o(.data..L_MergedGlobals) for .L_MergedGlobals
    can-bridge-firmware.o(.text.one_second_ping) refers to can-bridge-firmware.o(.bss..L_MergedGlobals.7) for .L_MergedGlobals.7
    can-bridge-firmware.o(.ARM.exidx.text.one_second_ping) refers to can-bridge-firmware.o(.text.one_second_ping) for [Anonymous Symbol]
    can-bridge-firmware.o(.text.can_handler) refers to can-bridge-firmware.o(.data..L_MergedGlobals) for .L_MergedGlobals
    can-bridge-firmware.o(.text.can_handler) refers to can-bridge-firmware.o(.bss..L_MergedGlobals.7) for .L_MergedGlobals.7
    can-bridge-firmware.o(.text.can_handler) refers to can-bridge-firmware.o(.text.calculate_SOH_bars) for calculate_SOH_bars
    can-bridge-firmware.o(.text.can_handler) refers to can-bridge-firmware.o(.rodata.temp_lut) for temp_lut
    can-bridge-firmware.o(.text.can_handler) refers to can-bridge-firmware.o(.data..L_MergedGlobals.6) for .L_MergedGlobals.6
[...]
    Removing stm32f1xx_hal_flash.o(.text.HAL_FLASH_OperationErrorCallback), (2 bytes).
    Removing stm32f1xx_hal_flash.o(.ARM.exidx.text.HAL_FLASH_OperationErrorCallback), (8 bytes).
    Removing stm32f1xx_hal_flash.o(.text.HAL_FLASH_EndOfOperationCallback), (2 bytes).
    Removing stm32f1xx_hal_flash.o(.ARM.exidx.text.HAL_FLASH_EndOfOperationCallback), (8 bytes).
    Removing stm32f1xx_hal_flash.o(.ARM.exidx.text.HAL_FLASH_Unlock), (8 bytes).
    Removing stm32f1xx_hal_flash.o(.text.HAL_FLASH_Lock), (20 bytes).
    Removing stm32f1xx_hal_flash.o(.ARM.exidx.text.HAL_FLASH_Lock), (8 bytes).
    Removing stm32f1xx_hal_flash.o(.ARM.exidx.text.HAL_FLASH_OB_Unlock), (8 bytes).
    Removing stm32f1xx_hal_flash.o(.ARM.exidx.text.HAL_FLASH_OB_Lock), (8 bytes).
    Removing stm32f1xx_hal_flash.o(.ARM.exidx.text.HAL_FLASH_OB_Launch), (8 bytes).
    Removing stm32f1xx_hal_flash.o(.text.HAL_FLASH_GetError), (12 bytes).
    Removing stm32f1xx_hal_flash.o(.ARM.exidx.text.HAL_FLASH_GetError), (8 bytes).
    Removing stm32f1xx_hal_flash_ex.o(.text), (0 bytes).
    Removing stm32f1xx_hal_flash_ex.o(.text.HAL_FLASHEx_Erase), (238 bytes).
    Removing stm32f1xx_hal_flash_ex.o(.ARM.exidx.text.HAL_FLASHEx_Erase), (8 bytes).
    Removing stm32f1xx_hal_flash_ex.o(.text.FLASH_PageErase), (40 bytes).
    Removing stm32f1xx_hal_flash_ex.o(.ARM.exidx.text.FLASH_PageErase), (8 bytes).
    Removing stm32f1xx_hal_flash_ex.o(.text.HAL_FLASHEx_Erase_IT), (112 bytes).
    Removing stm32f1xx_hal_flash_ex.o(.ARM.exidx.text.HAL_FLASHEx_Erase_IT), (8 bytes).
    Removing stm32f1xx_hal_flash_ex.o(.ARM.exidx.text.HAL_FLASHEx_OBErase), (8 bytes).
    Removing stm32f1xx_hal_flash_ex.o(.ARM.exidx.text.HAL_FLASHEx_OBProgram), (8 bytes).
    Removing stm32f1xx_hal_flash_ex.o(.ARM.exidx.text.HAL_FLASHEx_OBGetConfig), (8 bytes).
    Removing stm32f1xx_hal_flash_ex.o(.text.HAL_FLASHEx_OBGetUserData), (34 bytes).
    Removing stm32f1xx_hal_flash_ex.o(.ARM.exidx.text.HAL_FLASHEx_OBGetUserData), (8 bytes).
    Removing stm32f1xx_hal_exti.o(.text), (0 bytes).
    Removing stm32f1xx_hal_exti.o(.text.HAL_EXTI_SetConfigLine), (180 bytes).
    Removing stm32f1xx_hal_exti.o(.ARM.exidx.text.HAL_EXTI_SetConfigLine), (8 bytes).
    Removing stm32f1xx_hal_exti.o(.text.HAL_EXTI_GetConfigLine), (150 bytes).
    Removing stm32f1xx_hal_exti.o(.ARM.exidx.text.HAL_EXTI_GetConfigLine), (8 bytes).
    Removing stm32f1xx_hal_exti.o(.text.HAL_EXTI_ClearConfigLine), (136 bytes).
    Removing stm32f1xx_hal_exti.o(.ARM.exidx.text.HAL_EXTI_ClearConfigLine), (8 bytes).
    Removing stm32f1xx_hal_exti.o(.text.HAL_EXTI_RegisterCallback), (12 bytes).
    Removing stm32f1xx_hal_exti.o(.ARM.exidx.text.HAL_EXTI_RegisterCallback), (8 bytes).
    Removing stm32f1xx_hal_exti.o(.text.HAL_EXTI_GetHandle), (12 bytes).
    Removing stm32f1xx_hal_exti.o(.ARM.exidx.text.HAL_EXTI_GetHandle), (8 bytes).
    Removing stm32f1xx_hal_exti.o(.text.HAL_EXTI_IRQHandler), (42 bytes).
    Removing stm32f1xx_hal_exti.o(.ARM.exidx.text.HAL_EXTI_IRQHandler), (8 bytes).
    Removing stm32f1xx_hal_exti.o(.text.HAL_EXTI_GetPending), (28 bytes).
    Removing stm32f1xx_hal_exti.o(.ARM.exidx.text.HAL_EXTI_GetPending), (8 bytes).
    Removing stm32f1xx_hal_exti.o(.text.HAL_EXTI_ClearPending), (24 bytes).
    Removing stm32f1xx_hal_exti.o(.ARM.exidx.text.HAL_EXTI_ClearPending), (8 bytes).
    Removing stm32f1xx_hal_exti.o(.text.HAL_EXTI_GenerateSWI), (24 bytes).
    Removing stm32f1xx_hal_exti.o(.ARM.exidx.text.HAL_EXTI_GenerateSWI), (8 bytes).
    Removing stm32f1xx_hal_iwdg.o(.text), (0 bytes).
    Removing stm32f1xx_hal_iwdg.o(.ARM.exidx.text.HAL_IWDG_Init), (8 bytes).
    Removing stm32f1xx_hal_iwdg.o(.ARM.exidx.text.HAL_IWDG_Refresh), (8 bytes).
    Removing stm32f1xx_hal_tim.o(.text), (0 bytes).
    Removing stm32f1xx_hal_tim_ex.o(.text), (0 bytes).
    Removing system_stm32f1xx.o(.text), (0 bytes).
    Removing system_stm32f1xx.o(.ARM.exidx.text.SystemInit), (8 bytes).
    Removing system_stm32f1xx.o(.text.SystemCoreClockUpdate), (176 bytes).
    Removing system_stm32f1xx.o(.ARM.exidx.text.SystemCoreClockUpdate), (8 bytes).
    Removing system_stm32f1xx.o(.rodata.APBPrescTable), (8 bytes).

374 unused section(s) (total 12358 bytes) removed from the image.

==============================================================================

Image Symbol Table

    Local Symbols

    Symbol Name                              Value     Ov Type        Size  Object(Section)

    ../clib/angel/boardlib.s                 0x00000000   Number         0  boardinit1.o ABSOLUTE
    ../clib/angel/boardlib.s                 0x00000000   Number         0  boardinit2.o ABSOLUTE
    ../clib/angel/boardlib.s                 0x00000000   Number         0  boardinit3.o ABSOLUTE
    ../clib/angel/boardlib.s                 0x00000000   Number         0  boardshut.o ABSOLUTE
    ../clib/angel/handlers.s                 0x00000000   Number         0  __scatter_copy.o ABSOLUTE
    ../clib/angel/handlers.s                 0x00000000   Number         0  __scatter_zi.o ABSOLUTE
    ../clib/angel/kernel.s                   0x00000000   Number         0  __rtentry.o ABSOLUTE
    ../clib/angel/kernel.s                   0x00000000   Number         0  __rtentry2.o ABSOLUTE
    ../clib/angel/kernel.s                   0x00000000   Number         0  __rtentry4.o ABSOLUTE
    ../clib/angel/kernel.s                   0x00000000   Number         0  rtexit.o ABSOLUTE
    ../clib/angel/kernel.s                   0x00000000   Number         0  rtexit2.o ABSOLUTE
    ../clib/angel/rt.s                       0x00000000   Number         0  aeabi_ldiv0.o ABSOLUTE
    ../clib/angel/rt.s                       0x00000000   Number         0  aeabi_ldiv0_sigfpe.o ABSOLUTE
    ../clib/angel/rt.s                       0x00000000   Number         0  rt_div0.o ABSOLUTE
    ../clib/angel/rt.s                       0x00000000   Number         0  rt_raise.o ABSOLUTE
    ../clib/angel/scatter.s                  0x00000000   Number         0  __scatter.o ABSOLUTE
    ../clib/angel/startup.s                  0x00000000   Number         0  __main.o ABSOLUTE
    ../clib/angel/sys.s                      0x00000000   Number         0  sys_stackheap_outer.o ABSOLUTE
    ../clib/angel/sys.s                      0x00000000   Number         0  libspace.o ABSOLUTE
    ../clib/angel/sys.s                      0x00000000   Number         0  use_no_semi.o ABSOLUTE
    ../clib/angel/sys.s                      0x00000000   Number         0  indicate_semi.o ABSOLUTE
    ../clib/angel/sysapp.c                   0x00000000   Number         0  sys_exit.o ABSOLUTE
    ../clib/angel/sysapp.c                   0x00000000   Number         0  sys_exit_hlt.o ABSOLUTE
    ../clib/angel/sysapp.c                   0x00000000   Number         0  sys_wrch.o ABSOLUTE
    ../clib/angel/sysapp.c                   0x00000000   Number         0  sys_wrch_hlt.o ABSOLUTE
    ../clib/angel/sysapp.c                   0x00000000   Number         0  sys_command.o ABSOLUTE
    ../clib/angel/sysapp.c                   0x00000000   Number         0  sys_command_hlt.o ABSOLUTE
    ../clib/armsys.c                         0x00000000   Number         0  argv_veneer.o ABSOLUTE
    ../clib/armsys.c                         0x00000000   Number         0  argv_veneer.o ABSOLUTE
    ../clib/armsys.c                         0x00000000   Number         0  _get_argv_nomalloc.o ABSOLUTE
    ../clib/armsys.c                         0x00000000   Number         0  no_argv.o ABSOLUTE
    ../clib/heapalloc.c                      0x00000000   Number         0  hrguard.o ABSOLUTE
    ../clib/heapaux.c                        0x00000000   Number         0  heapauxi.o ABSOLUTE
    ../clib/libinit.s                        0x00000000   Number         0  libinit.o ABSOLUTE
    ../clib/libinit.s                        0x00000000   Number         0  libinit2.o ABSOLUTE
    ../clib/libinit.s                        0x00000000   Number         0  libshutdown.o ABSOLUTE
    ../clib/libinit.s                        0x00000000   Number         0  libshutdown2.o ABSOLUTE
    ../clib/longlong.s                       0x00000000   Number         0  lludivv7m.o ABSOLUTE
    ../clib/memcpset.s                       0x00000000   Number         0  rt_memcpy_w.o ABSOLUTE
    ../clib/signal.c                         0x00000000   Number         0  defsig_fpe_outer.o ABSOLUTE
    ../clib/signal.c                         0x00000000   Number         0  defsig_fpe_formal.o ABSOLUTE
    ../clib/signal.c                         0x00000000   Number         0  defsig_exit.o ABSOLUTE
    ../clib/signal.c                         0x00000000   Number         0  defsig_fpe_inner.o ABSOLUTE
    ../clib/signal.c                         0x00000000   Number         0  __raise.o ABSOLUTE
    ../clib/signal.c                         0x00000000   Number         0  defsig_general.o ABSOLUTE
    ../clib/signal.c                         0x00000000   Number         0  defsig_abrt_inner.o ABSOLUTE
    ../clib/signal.c                         0x00000000   Number         0  defsig_rtred_inner.o ABSOLUTE
    ../clib/signal.c                         0x00000000   Number         0  defsig_rtmem_inner.o ABSOLUTE
    ../clib/signal.c                         0x00000000   Number         0  defsig_rtmem_outer.o ABSOLUTE
    ../clib/signal.c                         0x00000000   Number         0  defsig_rtmem_formal.o ABSOLUTE
    ../clib/signal.c                         0x00000000   Number         0  defsig_stak_inner.o ABSOLUTE
    ../clib/signal.c                         0x00000000   Number         0  defsig_pvfn_inner.o ABSOLUTE
    ../clib/signal.c                         0x00000000   Number         0  defsig_cppl_inner.o ABSOLUTE
    ../clib/signal.c                         0x00000000   Number         0  defsig_segv_inner.o ABSOLUTE
    ../clib/signal.c                         0x00000000   Number         0  defsig_other.o ABSOLUTE
    ../clib/signal.s                         0x00000000   Number         0  defsig.o ABSOLUTE
    ../clib/stdlib.c                         0x00000000   Number         0  exit.o ABSOLUTE
    ../clib/string.c                         0x00000000   Number         0  strncmp.o ABSOLUTE
    ../fplib/fpinit.s                        0x00000000   Number         0  fpinit.o ABSOLUTE
    ../fplib/fpinit_empty.s                  0x00000000   Number         0  fpinit_empty.o ABSOLUTE
    can-bridge-firmware.c                    0x00000000   Number         0  can-bridge-firmware.o ABSOLUTE
    can.c                                    0x00000000   Number         0  can.o ABSOLUTE
    dc.s                                     0x00000000   Number         0  dc.o ABSOLUTE
    gpio.c                                   0x00000000   Number         0  gpio.o ABSOLUTE
    iwdg.c                                   0x00000000   Number         0  iwdg.o ABSOLUTE
    main.c                                   0x00000000   Number         0  main.o ABSOLUTE
    startup_stm32f105xc.s                    0x00000000   Number         0  startup_stm32f105xc.o ABSOLUTE
    stm32f1xx_hal.c                          0x00000000   Number         0  stm32f1xx_hal.o ABSOLUTE
    stm32f1xx_hal_can.c                      0x00000000   Number         0  stm32f1xx_hal_can.o ABSOLUTE
    stm32f1xx_hal_cortex.c                   0x00000000   Number         0  stm32f1xx_hal_cortex.o ABSOLUTE
    stm32f1xx_hal_dma.c                      0x00000000   Number         0  stm32f1xx_hal_dma.o ABSOLUTE
    stm32f1xx_hal_exti.c                     0x00000000   Number         0  stm32f1xx_hal_exti.o ABSOLUTE
    stm32f1xx_hal_flash.c                    0x00000000   Number         0  stm32f1xx_hal_flash.o ABSOLUTE
    stm32f1xx_hal_flash_ex.c                 0x00000000   Number         0  stm32f1xx_hal_flash_ex.o ABSOLUTE
    stm32f1xx_hal_gpio.c                     0x00000000   Number         0  stm32f1xx_hal_gpio.o ABSOLUTE
    stm32f1xx_hal_gpio_ex.c                  0x00000000   Number         0  stm32f1xx_hal_gpio_ex.o ABSOLUTE
    stm32f1xx_hal_iwdg.c                     0x00000000   Number         0  stm32f1xx_hal_iwdg.o ABSOLUTE
    stm32f1xx_hal_msp.c                      0x00000000   Number         0  stm32f1xx_hal_msp.o ABSOLUTE
    stm32f1xx_hal_pwr.c                      0x00000000   Number         0  stm32f1xx_hal_pwr.o ABSOLUTE
    stm32f1xx_hal_rcc.c                      0x00000000   Number         0  stm32f1xx_hal_rcc.o ABSOLUTE
    stm32f1xx_hal_rcc_ex.c                   0x00000000   Number         0  stm32f1xx_hal_rcc_ex.o ABSOLUTE
    stm32f1xx_hal_tim.c                      0x00000000   Number         0  stm32f1xx_hal_tim.o ABSOLUTE
    stm32f1xx_hal_tim_ex.c                   0x00000000   Number         0  stm32f1xx_hal_tim_ex.o ABSOLUTE
    stm32f1xx_it.c                           0x00000000   Number         0  stm32f1xx_it.o ABSOLUTE
    system_stm32f1xx.c                       0x00000000   Number         0  system_stm32f1xx.o ABSOLUTE
    RESET                                    0x08000000   Section      336  startup_stm32f105xc.o(RESET)
    !!!main                                  0x08000150   Section        8  __main.o(!!!main)
    !!!scatter                               0x08000158   Section       52  __scatter.o(!!!scatter)
    !!handler_copy                           0x0800018c   Section       26  __scatter_copy.o(!!handler_copy)
    !!handler_zi                             0x080001a8   Section       28  __scatter_zi.o(!!handler_zi)
    .ARM.Collect$$libinit$$00000000          0x080001c4   Section        2  libinit.o(.ARM.Collect$$libinit$$00000000)
    .ARM.Collect$$libinit$$00000002          0x080001c6   Section        0  libinit2.o(.ARM.Collect$$libinit$$00000002)
    .ARM.Collect$$libinit$$00000004          0x080001c6   Section        0  libinit2.o(.ARM.Collect$$libinit$$00000004)
    .ARM.Collect$$libinit$$00000006          0x080001c6   Section        0  libinit2.o(.ARM.Collect$$libinit$$00000006)
    .ARM.Collect$$libinit$$0000000C          0x080001c6   Section        0  libinit2.o(.ARM.Collect$$libinit$$0000000C)
    .ARM.Collect$$libinit$$0000000E          0x080001c6   Section        0  libinit2.o(.ARM.Collect$$libinit$$0000000E)
    .ARM.Collect$$libinit$$00000010          0x080001c6   Section        0  libinit2.o(.ARM.Collect$$libinit$$00000010)
    .ARM.Collect$$libinit$$00000013          0x080001c6   Section        0  libinit2.o(.ARM.Collect$$libinit$$00000013)
    .ARM.Collect$$libinit$$00000015          0x080001c6   Section        0  libinit2.o(.ARM.Collect$$libinit$$00000015)
    .ARM.Collect$$libinit$$00000017          0x080001c6   Section        0  libinit2.o(.ARM.Collect$$libinit$$00000017)
    .ARM.Collect$$libinit$$00000019          0x080001c6   Section        0  libinit2.o(.ARM.Collect$$libinit$$00000019)
    .ARM.Collect$$libinit$$0000001B          0x080001c6   Section        0  libinit2.o(.ARM.Collect$$libinit$$0000001B)
    .ARM.Collect$$libinit$$0000001D          0x080001c6   Section        0  libinit2.o(.ARM.Collect$$libinit$$0000001D)
    .ARM.Collect$$libinit$$0000001F          0x080001c6   Section        0  libinit2.o(.ARM.Collect$$libinit$$0000001F)
    .ARM.Collect$$libinit$$00000021          0x080001c6   Section        0  libinit2.o(.ARM.Collect$$libinit$$00000021)
    .ARM.Collect$$libinit$$00000023          0x080001c6   Section        0  libinit2.o(.ARM.Collect$$libinit$$00000023)
    .ARM.Collect$$libinit$$00000025          0x080001c6   Section        0  libinit2.o(.ARM.Collect$$libinit$$00000025)
    .ARM.Collect$$libinit$$00000027          0x080001c6   Section        0  libinit2.o(.ARM.Collect$$libinit$$00000027)
    .ARM.Collect$$libinit$$0000002E          0x080001c6   Section        0  libinit2.o(.ARM.Collect$$libinit$$0000002E)
    .ARM.Collect$$libinit$$00000030          0x080001c6   Section        0  libinit2.o(.ARM.Collect$$libinit$$00000030)
    .ARM.Collect$$libinit$$00000032          0x080001c6   Section        0  libinit2.o(.ARM.Collect$$libinit$$00000032)
    .ARM.Collect$$libinit$$00000034          0x080001c6   Section        0  libinit2.o(.ARM.Collect$$libinit$$00000034)
    .ARM.Collect$$libinit$$00000035          0x080001c6   Section        2  libinit2.o(.ARM.Collect$$libinit$$00000035)
    .ARM.Collect$$libshutdown$$00000000      0x080001c8   Section        2  libshutdown.o(.ARM.Collect$$libshutdown$$00000000)
    .ARM.Collect$$libshutdown$$00000002      0x080001ca   Section        0  libshutdown2.o(.ARM.Collect$$libshutdown$$00000002)
    .ARM.Collect$$libshutdown$$00000004      0x080001ca   Section        0  libshutdown2.o(.ARM.Collect$$libshutdown$$00000004)
    .ARM.Collect$$libshutdown$$00000007      0x080001ca   Section        0  libshutdown2.o(.ARM.Collect$$libshutdown$$00000007)
    .ARM.Collect$$libshutdown$$0000000A      0x080001ca   Section        0  libshutdown2.o(.ARM.Collect$$libshutdown$$0000000A)
    .ARM.Collect$$libshutdown$$0000000C      0x080001ca   Section        0  libshutdown2.o(.ARM.Collect$$libshutdown$$0000000C)
    .ARM.Collect$$libshutdown$$0000000F      0x080001ca   Section        0  libshutdown2.o(.ARM.Collect$$libshutdown$$0000000F)
    .ARM.Collect$$libshutdown$$00000010      0x080001ca   Section        2  libshutdown2.o(.ARM.Collect$$libshutdown$$00000010)
    .ARM.Collect$$rtentry$$00000000          0x080001cc   Section        0  __rtentry.o(.ARM.Collect$$rtentry$$00000000)
    .ARM.Collect$$rtentry$$00000002          0x080001cc   Section        0  __rtentry2.o(.ARM.Collect$$rtentry$$00000002)
    .ARM.Collect$$rtentry$$00000004          0x080001cc   Section        6  __rtentry4.o(.ARM.Collect$$rtentry$$00000004)
    .ARM.Collect$$rtentry$$00000009          0x080001d2   Section        0  __rtentry2.o(.ARM.Collect$$rtentry$$00000009)
    .ARM.Collect$$rtentry$$0000000A          0x080001d2   Section        4  __rtentry2.o(.ARM.Collect$$rtentry$$0000000A)
    .ARM.Collect$$rtentry$$0000000C          0x080001d6   Section        0  __rtentry2.o(.ARM.Collect$$rtentry$$0000000C)
    .ARM.Collect$$rtentry$$0000000D          0x080001d6   Section        8  __rtentry2.o(.ARM.Collect$$rtentry$$0000000D)
    .ARM.Collect$$rtexit$$00000000           0x080001de   Section        2  rtexit.o(.ARM.Collect$$rtexit$$00000000)
    .ARM.Collect$$rtexit$$00000002           0x080001e0   Section        0  rtexit2.o(.ARM.Collect$$rtexit$$00000002)
    .ARM.Collect$$rtexit$$00000003           0x080001e0   Section        4  rtexit2.o(.ARM.Collect$$rtexit$$00000003)
    .ARM.Collect$$rtexit$$00000004           0x080001e4   Section        6  rtexit2.o(.ARM.Collect$$rtexit$$00000004)
    .text                                    0x080001ec   Section       64  startup_stm32f105xc.o(.text)
    .text                                    0x0800022c   Section      240  lludivv7m.o(.text)
    .text                                    0x0800031c   Section        0  strncmp.o(.text)
    .text                                    0x080003b2   Section      100  rt_memcpy_w.o(.text)
    .text                                    0x08000416   Section        0  heapauxi.o(.text)
    .text                                    0x0800041c   Section       74  sys_stackheap_outer.o(.text)
    .text                                    0x08000466   Section        0  exit.o(.text)
    .text                                    0x08000478   Section        8  libspace.o(.text)
    .text                                    0x08000480   Section        0  sys_exit.o(.text)
    .text                                    0x0800048c   Section        2  use_no_semi.o(.text)
    .text                                    0x0800048e   Section        0  indicate_semi.o(.text)
    [Anonymous Symbol]                       0x08000490   Section        0  can.o(.text.AddCANFilters)
    [Anonymous Symbol]                       0x080004e0   Section        0  stm32f1xx_it.o(.text.BusFault_Handler)
    [Anonymous Symbol]                       0x080004e4   Section        0  stm32f1xx_it.o(.text.CAN1_RX0_IRQHandler)
    [Anonymous Symbol]                       0x080004f0   Section        0  stm32f1xx_it.o(.text.CAN1_RX1_IRQHandler)
    [Anonymous Symbol]                       0x080004fc   Section        0  stm32f1xx_it.o(.text.CAN1_TX_IRQHandler)
    [Anonymous Symbol]                       0x08000508   Section        0  stm32f1xx_it.o(.text.CAN2_RX0_IRQHandler)
    [Anonymous Symbol]                       0x08000514   Section        0  stm32f1xx_it.o(.text.CAN2_RX1_IRQHandler)
    [Anonymous Symbol]                       0x08000520   Section        0  stm32f1xx_it.o(.text.CAN2_TX_IRQHandler)
    [Anonymous Symbol]                       0x0800052c   Section        0  stm32f1xx_it.o(.text.DebugMon_Handler)
    [Anonymous Symbol]                       0x08000530   Section        0  main.o(.text.Error_Handler)
    [Anonymous Symbol]                       0x0800053c   Section        0  stm32f1xx_hal_flash.o(.text.FLASH_WaitForLastOperation)
    [Anonymous Symbol]                       0x0800061c   Section        0  stm32f1xx_hal_can.o(.text.HAL_CAN_ActivateNotification)
    [Anonymous Symbol]                       0x0800064c   Section        0  stm32f1xx_hal_can.o(.text.HAL_CAN_AddTxMessage)
    [Anonymous Symbol]                       0x08000708   Section        0  stm32f1xx_hal_can.o(.text.HAL_CAN_ConfigFilter)
    [Anonymous Symbol]                       0x080007e8   Section        0  stm32f1xx_hal_can.o(.text.HAL_CAN_ErrorCallback)
    [Anonymous Symbol]                       0x080007ec   Section        0  stm32f1xx_hal_can.o(.text.HAL_CAN_GetRxMessage)
    [Anonymous Symbol]                       0x0800090c   Section        0  stm32f1xx_hal_can.o(.text.HAL_CAN_GetTxMailboxesFreeLevel)
    [Anonymous Symbol]                       0x08000934   Section        0  stm32f1xx_hal_can.o(.text.HAL_CAN_IRQHandler)
    [Anonymous Symbol]                       0x08000b84   Section        0  stm32f1xx_hal_can.o(.text.HAL_CAN_Init)
    [Anonymous Symbol]                       0x08000d10   Section        0  can.o(.text.HAL_CAN_MspInit)
    [Anonymous Symbol]                       0x08000e8c   Section        0  stm32f1xx_hal_can.o(.text.HAL_CAN_RegisterCallback)
    [Anonymous Symbol]                       0x08000f44   Section        0  can.o(.text.HAL_CAN_RxFIFO0MsgPendingCallback1)
    [Anonymous Symbol]                       0x08000fd8   Section        0  can.o(.text.HAL_CAN_RxFIFO0MsgPendingCallback2)
    [Anonymous Symbol]                       0x0800106c   Section        0  can.o(.text.HAL_CAN_RxFIFO1MsgPendingCallback1)
    [Anonymous Symbol]                       0x080010fc   Section        0  can.o(.text.HAL_CAN_RxFIFO1MsgPendingCallback2)
    [Anonymous Symbol]                       0x0800118c   Section        0  stm32f1xx_hal_can.o(.text.HAL_CAN_RxFifo0FullCallback)
    [Anonymous Symbol]                       0x08001190   Section        0  stm32f1xx_hal_can.o(.text.HAL_CAN_RxFifo0MsgPendingCallback)
    [Anonymous Symbol]                       0x08001194   Section        0  stm32f1xx_hal_can.o(.text.HAL_CAN_RxFifo1FullCallback)
    [Anonymous Symbol]                       0x08001198   Section        0  stm32f1xx_hal_can.o(.text.HAL_CAN_RxFifo1MsgPendingCallback)
    [Anonymous Symbol]                       0x0800119c   Section        0  stm32f1xx_hal_can.o(.text.HAL_CAN_SleepCallback)
    [Anonymous Symbol]                       0x080011a0   Section        0  stm32f1xx_hal_can.o(.text.HAL_CAN_Start)
    [Anonymous Symbol]                       0x080011fc   Section        0  stm32f1xx_hal_can.o(.text.HAL_CAN_TxMailbox0AbortCallback)
    [Anonymous Symbol]                       0x08001200   Section        0  stm32f1xx_hal_can.o(.text.HAL_CAN_TxMailbox0CompleteCallback)
    [Anonymous Symbol]                       0x08001204   Section        0  stm32f1xx_hal_can.o(.text.HAL_CAN_TxMailbox1AbortCallback)
    [Anonymous Symbol]                       0x08001208   Section        0  stm32f1xx_hal_can.o(.text.HAL_CAN_TxMailbox1CompleteCallback)
    [Anonymous Symbol]                       0x0800120c   Section        0  stm32f1xx_hal_can.o(.text.HAL_CAN_TxMailbox2AbortCallback)
    [Anonymous Symbol]                       0x08001210   Section        0  stm32f1xx_hal_can.o(.text.HAL_CAN_TxMailbox2CompleteCallback)
    [Anonymous Symbol]                       0x08001214   Section        0  stm32f1xx_hal_can.o(.text.HAL_CAN_WakeUpFromRxMsgCallback)
    [Anonymous Symbol]                       0x08001218   Section        0  stm32f1xx_hal_flash_ex.o(.text.HAL_FLASHEx_OBErase)
    [Anonymous Symbol]                       0x080012c8   Section        0  stm32f1xx_hal_flash_ex.o(.text.HAL_FLASHEx_OBGetConfig)
    [Anonymous Symbol]                       0x080012f4   Section        0  stm32f1xx_hal_flash_ex.o(.text.HAL_FLASHEx_OBProgram)
    [Anonymous Symbol]                       0x080015a4   Section        0  stm32f1xx_hal_flash.o(.text.HAL_FLASH_OB_Launch)
    [Anonymous Symbol]                       0x080015a8   Section        0  stm32f1xx_hal_flash.o(.text.HAL_FLASH_OB_Lock)
    [Anonymous Symbol]                       0x080015bc   Section        0  stm32f1xx_hal_flash.o(.text.HAL_FLASH_OB_Unlock)
    [Anonymous Symbol]                       0x080015e8   Section        0  stm32f1xx_hal_flash.o(.text.HAL_FLASH_Unlock)
    [Anonymous Symbol]                       0x08001618   Section        0  stm32f1xx_hal_gpio.o(.text.HAL_GPIO_Init)
    [Anonymous Symbol]                       0x0800182c   Section        0  stm32f1xx_hal_gpio.o(.text.HAL_GPIO_ReadPin)
    [Anonymous Symbol]                       0x08001838   Section        0  stm32f1xx_hal.o(.text.HAL_GetTick)
    [Anonymous Symbol]                       0x08001844   Section        0  stm32f1xx_hal_iwdg.o(.text.HAL_IWDG_Init)
    [Anonymous Symbol]                       0x0800189c   Section        0  stm32f1xx_hal_iwdg.o(.text.HAL_IWDG_Refresh)
    [Anonymous Symbol]                       0x080018a8   Section        0  stm32f1xx_hal.o(.text.HAL_IncTick)
    [Anonymous Symbol]                       0x080018c4   Section        0  stm32f1xx_hal.o(.text.HAL_Init)
    [Anonymous Symbol]                       0x080018ec   Section        0  stm32f1xx_hal.o(.text.HAL_InitTick)
    [Anonymous Symbol]                       0x08001934   Section        0  stm32f1xx_hal_msp.o(.text.HAL_MspInit)
    [Anonymous Symbol]                       0x08001978   Section        0  stm32f1xx_hal_cortex.o(.text.HAL_NVIC_EnableIRQ)
    [Anonymous Symbol]                       0x08001998   Section        0  stm32f1xx_hal_cortex.o(.text.HAL_NVIC_SetPriority)
    [Anonymous Symbol]                       0x080019f0   Section        0  stm32f1xx_hal_cortex.o(.text.HAL_NVIC_SetPriorityGrouping)
    [Anonymous Symbol]                       0x08001a10   Section        0  stm32f1xx_hal_cortex.o(.text.HAL_NVIC_SystemReset)
    [Anonymous Symbol]                       0x08001a14   Section        0  stm32f1xx_hal_rcc.o(.text.HAL_RCC_ClockConfig)
    [Anonymous Symbol]                       0x08001c24   Section        0  stm32f1xx_hal_rcc.o(.text.HAL_RCC_OscConfig)
    [Anonymous Symbol]                       0x080020c8   Section        0  stm32f1xx_hal_cortex.o(.text.HAL_SYSTICK_Config)
    [Anonymous Symbol]                       0x080020f4   Section        0  stm32f1xx_it.o(.text.HardFault_Handler)
    [Anonymous Symbol]                       0x080020f8   Section        0  can.o(.text.LenCan)
    [Anonymous Symbol]                       0x08002138   Section        0  can.o(.text.MX_CAN1_Init)
    [Anonymous Symbol]                       0x0800217c   Section        0  can.o(.text.MX_CAN2_Init)
    [Anonymous Symbol]                       0x080021c0   Section        0  gpio.o(.text.MX_GPIO_Init)
    [Anonymous Symbol]                       0x0800224c   Section        0  iwdg.o(.text.MX_IWDG_Init)
    [Anonymous Symbol]                       0x0800227c   Section        0  stm32f1xx_it.o(.text.MemManage_Handler)
    [Anonymous Symbol]                       0x08002280   Section        0  stm32f1xx_it.o(.text.NMI_Handler)
    [Anonymous Symbol]                       0x08002284   Section        0  stm32f1xx_it.o(.text.PendSV_Handler)
    [Anonymous Symbol]                       0x08002288   Section        0  can.o(.text.PopCan)
    [Anonymous Symbol]                       0x080022e8   Section        0  can.o(.text.PushCan)
    [Anonymous Symbol]                       0x08002364   Section        0  stm32f1xx_it.o(.text.SVC_Handler)
    [Anonymous Symbol]                       0x08002368   Section        0  stm32f1xx_it.o(.text.SysTick_Handler)
    [Anonymous Symbol]                       0x0800236c   Section        0  system_stm32f1xx.o(.text.SystemInit)
    [Anonymous Symbol]                       0x08002370   Section        0  stm32f1xx_it.o(.text.UsageFault_Handler)
    __NVIC_SystemReset                       0x08002375   Thumb Code    42  main.o(.text.__NVIC_SystemReset)
    [Anonymous Symbol]                       0x08002374   Section        0  main.o(.text.__NVIC_SystemReset)
    __NVIC_SystemReset                       0x080023a1   Thumb Code    42  stm32f1xx_hal_cortex.o(.text.__NVIC_SystemReset)
    [Anonymous Symbol]                       0x080023a0   Section        0  stm32f1xx_hal_cortex.o(.text.__NVIC_SystemReset)
    [Anonymous Symbol]                       0x080023cc   Section        0  can-bridge-firmware.o(.text.calc_sum4)
    [Anonymous Symbol]                       0x08002430   Section        0  can-bridge-firmware.o(.text.calculate_SOH_bars)
    [Anonymous Symbol]                       0x08002518   Section        0  can-bridge-firmware.o(.text.can_handler)
    [Anonymous Symbol]                       0x0800308c   Section        0  can-bridge-firmware.o(.text.convert_5bc_to_array)
    [Anonymous Symbol]                       0x080030fc   Section        0  can-bridge-firmware.o(.text.convert_5c0_to_array)
    [Anonymous Symbol]                       0x08003128   Section        0  main.o(.text.main)
    [Anonymous Symbol]                       0x08003330   Section        0  can-bridge-firmware.o(.text.one_second_ping)
    [Anonymous Symbol]                       0x0800335c   Section        0  can.o(.text.sendCan)
    CANChanRef                               0x08003428   Number         0  can.o(.text.sendCan)
    .L__const.HAL_RCC_GetSysClockFreq.aPLLMULFactorTable 0x08003430   Data          14  stm32f1xx_hal_rcc.o(.rodata..L__const.HAL_RCC_GetSysClockFreq.aPLLMULFactorTable)
    au8_lock                                 0x0800344e   Data          12  main.o(.rodata.au8_lock)
    [Anonymous Symbol]                       0x0800344e   Section        0  main.o(.rodata.au8_lock)
    charge_time                              0x0800345a   Data          56  can-bridge-firmware.o(.rodata.charge_time)
    [Anonymous Symbol]                       0x0800345a   Section        0  can-bridge-firmware.o(.rodata.charge_time)
    crctable                                 0x08003492   Data         256  can-bridge-firmware.o(.rodata.crctable)
    [Anonymous Symbol]                       0x08003492   Section        0  can-bridge-firmware.o(.rodata.crctable)
    .L__const.HAL_RCC_GetSysClockFreq.aPredivFactorTable 0x08003592   Data          16  stm32f1xx_hal_rcc.o(.rodata.cst16)
    temp_lut                                 0x080035a2   Data          13  can-bridge-firmware.o(.rodata.temp_lut)
    [Anonymous Symbol]                       0x080035a2   Section        0  can-bridge-firmware.o(.rodata.temp_lut)
    .L_MergedGlobals                         0x20000000   Data         112  can-bridge-firmware.o(.data..L_MergedGlobals)
    [Anonymous Symbol]                       0x20000000   Section        0  can-bridge-firmware.o(.data..L_MergedGlobals)
    battery_can_bus                          0x20000001   Data           1  can-bridge-firmware.o(.data..L_MergedGlobals)
    skip_5bc                                 0x20000002   Data           1  can-bridge-firmware.o(.data..L_MergedGlobals)
    swap_5bc_remaining                       0x20000008   Data           8  can-bridge-firmware.o(.data..L_MergedGlobals)
    swap_5bc_full                            0x20000010   Data           8  can-bridge-firmware.o(.data..L_MergedGlobals)
    swap_5c0_max                             0x20000018   Data           8  can-bridge-firmware.o(.data..L_MergedGlobals)
    swap_5c0_avg                             0x20000020   Data           8  can-bridge-firmware.o(.data..L_MergedGlobals)
    swap_5c0_min                             0x20000028   Data           8  can-bridge-firmware.o(.data..L_MergedGlobals)
    ZE1_355_message                          0x20000030   Data          16  can-bridge-firmware.o(.data..L_MergedGlobals)
    ZE1_625_message                          0x20000040   Data          16  can-bridge-firmware.o(.data..L_MergedGlobals)
    ZE1_5C5_message                          0x20000050   Data          16  can-bridge-firmware.o(.data..L_MergedGlobals)
    ZE1_3B8_message                          0x20000060   Data          16  can-bridge-firmware.o(.data..L_MergedGlobals)
    .L_MergedGlobals                         0x20000070   Data           8  stm32f1xx_hal.o(.data..L_MergedGlobals)
    [Anonymous Symbol]                       0x20000070   Section        0  stm32f1xx_hal.o(.data..L_MergedGlobals)
    .L_MergedGlobals.6                       0x20000078   Data          64  can-bridge-firmware.o(.data..L_MergedGlobals.6)
    saved_5bc_frame                          0x20000078   Data          16  can-bridge-firmware.o(.data..L_MergedGlobals.6)
    [Anonymous Symbol]                       0x20000078   Section        0  can-bridge-firmware.o(.data..L_MergedGlobals.6)
    ZE1_5EC_message                          0x20000088   Data          16  can-bridge-firmware.o(.data..L_MergedGlobals.6)
    swap_605_message                         0x20000098   Data          16  can-bridge-firmware.o(.data..L_MergedGlobals.6)
    swap_607_message                         0x200000a8   Data          16  can-bridge-firmware.o(.data..L_MergedGlobals.6)
    .bss                                     0x200000c0   Section       96  libspace.o(.bss)
    .L_MergedGlobals                         0x20000120   Data          32  main.o(.bss..L_MergedGlobals)
    last_tick                                0x20000120   Data           4  main.o(.bss..L_MergedGlobals)
    [Anonymous Symbol]                       0x20000120   Section        0  main.o(.bss..L_MergedGlobals)
    OptionsBytesStruct                       0x20000124   Data          28  main.o(.bss..L_MergedGlobals)
    .L_MergedGlobals                         0x20000140   Data           8  can.o(.bss..L_MergedGlobals)
    canHead                                  0x20000140   Data           4  can.o(.bss..L_MergedGlobals)
    [Anonymous Symbol]                       0x20000140   Section        0  can.o(.bss..L_MergedGlobals)
    canTail                                  0x20000144   Data           4  can.o(.bss..L_MergedGlobals)
    .L_MergedGlobals.7                       0x20000148   Data          36  can-bridge-firmware.o(.bss..L_MergedGlobals.7)
    [Anonymous Symbol]                       0x20000148   Section        0  can-bridge-firmware.o(.bss..L_MergedGlobals.7)
    charging_state                           0x20000149   Data           1  can-bridge-firmware.o(.bss..L_MergedGlobals.7)
    SOH                                      0x2000014a   Data           1  can-bridge-firmware.o(.bss..L_MergedGlobals.7)
    capacity_bars                            0x2000014b   Data           1  can-bridge-firmware.o(.bss..L_MergedGlobals.7)
    seconds_without_1f2                      0x2000014c   Data           1  can-bridge-firmware.o(.bss..L_MergedGlobals.7)
    seen_1da                                 0x2000014d   Data           1  can-bridge-firmware.o(.bss..L_MergedGlobals.7)
    ticker40ms                               0x2000014e   Data           1  can-bridge-firmware.o(.bss..L_MergedGlobals.7)
    VCM_WakeUpSleepCommand                   0x2000014f   Data           1  can-bridge-firmware.o(.bss..L_MergedGlobals.7)
    CANMASK                                  0x20000150   Data           1  can-bridge-firmware.o(.bss..L_MergedGlobals.7)
    ALU_question                             0x20000151   Data           1  can-bridge-firmware.o(.bss..L_MergedGlobals.7)
    content_3B8                              0x20000152   Data           1  can-bridge-firmware.o(.bss..L_MergedGlobals.7)
    flip_3B8                                 0x20000153   Data           1  can-bridge-firmware.o(.bss..L_MergedGlobals.7)
    battery_soc                              0x20000154   Data           1  can-bridge-firmware.o(.bss..L_MergedGlobals.7)
    main_battery_temp                        0x20000155   Data           1  can-bridge-firmware.o(.bss..L_MergedGlobals.7)
    cmr_idx                                  0x20000156   Data           1  can-bridge-firmware.o(.bss..L_MergedGlobals.7)
    alternate_5bc                            0x20000157   Data           1  can-bridge-firmware.o(.bss..L_MergedGlobals.7)
    swap_5c0_idx                             0x20000158   Data           1  can-bridge-firmware.o(.bss..L_MergedGlobals.7)
    battery_soc_pptt                         0x2000015a   Data           2  can-bridge-firmware.o(.bss..L_MergedGlobals.7)
    dash_soc                                 0x2000015c   Data           2  can-bridge-firmware.o(.bss..L_MergedGlobals.7)
    MaxGIDS                                  0x2000015e   Data           2  can-bridge-firmware.o(.bss..L_MergedGlobals.7)
    GIDS                                     0x20000160   Data           2  can-bridge-firmware.o(.bss..L_MergedGlobals.7)
    leaf_40kwh_5bc.0                         0x20000168   Data           4  can-bridge-firmware.o(.bss..L_MergedGlobals.7)
    CanBuffer                                0x2000016c   Data        1024  can.o(.bss.CanBuffer)
    [Anonymous Symbol]                       0x2000016c   Section        0  can.o(.bss.CanBuffer)
    HAL_RCC_CAN1_CLK_ENABLED                 0x2000056c   Data           4  can.o(.bss.HAL_RCC_CAN1_CLK_ENABLED)
    [Anonymous Symbol]                       0x2000056c   Section        0  can.o(.bss.HAL_RCC_CAN1_CLK_ENABLED)
    Heap_Mem                                 0x20000670   Data         512  startup_stm32f105xc.o(HEAP)
    HEAP                                     0x20000670   Section      512  startup_stm32f105xc.o(HEAP)
    Stack_Mem                                0x20000870   Data        1024  startup_stm32f105xc.o(STACK)
    STACK                                    0x20000870   Section     1024  startup_stm32f105xc.o(STACK)
    __initial_sp                             0x20000c70   Data           0  startup_stm32f105xc.o(STACK)

    Global Symbols

    Symbol Name                              Value     Ov Type        Size  Object(Section)

    BuildAttributes$$THM_ISAv4$P$D$K$B$S$PE$A:L22UL41UL21$X:L11$S22US41US21$IEEE1$IW$~IW$USESV6$~STKCKD$USESV7$~SHL$OTIME$ROPI$EBA8$UX$STANDARDLIB$REQ8$PRES8$EABIv2 0x00000000   Number         0  anon$$obj.o ABSOLUTE
    __fp_init_empty                          0x00000000   Number         0  fpinit_empty.o ABSOLUTE
    __ARM_exceptions_init                     - Undefined Weak Reference
    __alloca_initialize                       - Undefined Weak Reference
    __arm_preinit_                            - Undefined Weak Reference
    __arm_relocate_pie_                       - Undefined Weak Reference
    __cpp_initialize__aeabi_                  - Undefined Weak Reference
    __cxa_finalize                            - Undefined Weak Reference
    __rt_locale                               - Undefined Weak Reference
    __sigvec_lookup                           - Undefined Weak Reference
    _atexit_init                              - Undefined Weak Reference
    _call_atexit_fns                          - Undefined Weak Reference
    _clock_init                               - Undefined Weak Reference
    _fp_trap_init                             - Undefined Weak Reference
    _fp_trap_shutdown                         - Undefined Weak Reference
    _get_lc_collate                           - Undefined Weak Reference
    _get_lc_ctype                             - Undefined Weak Reference
    _get_lc_monetary                          - Undefined Weak Reference
    _get_lc_numeric                           - Undefined Weak Reference
    _get_lc_time                              - Undefined Weak Reference
    _getenv_init                              - Undefined Weak Reference
    _handle_redirection                       - Undefined Weak Reference
    _init_alloc                               - Undefined Weak Reference
    _init_user_alloc                          - Undefined Weak Reference
    _initio                                   - Undefined Weak Reference
    _rand_init                                - Undefined Weak Reference
    _signal_finish                            - Undefined Weak Reference
    _signal_init                              - Undefined Weak Reference
    _terminate_alloc                          - Undefined Weak Reference
    _terminate_user_alloc                     - Undefined Weak Reference
    _terminateio                              - Undefined Weak Reference
    __Vectors_Size                           0x00000150   Number         0  startup_stm32f105xc.o ABSOLUTE
    __Vectors                                0x08000000   Data           4  startup_stm32f105xc.o(RESET)
    __Vectors_End                            0x08000150   Data           0  startup_stm32f105xc.o(RESET)
    __main                                   0x08000151   Thumb Code     8  __main.o(!!!main)
    __scatterload                            0x08000159   Thumb Code     0  __scatter.o(!!!scatter)
    __scatterload_rt2                        0x08000159   Thumb Code    44  __scatter.o(!!!scatter)
    __scatterload_rt2_thumb_only             0x08000159   Thumb Code     0  __scatter.o(!!!scatter)
    __scatterload_null                       0x08000167   Thumb Code     0  __scatter.o(!!!scatter)
    __scatterload_copy                       0x0800018d   Thumb Code    26  __scatter_copy.o(!!handler_copy)
    __scatterload_zeroinit                   0x080001a9   Thumb Code    28  __scatter_zi.o(!!handler_zi)
    __rt_lib_init                            0x080001c5   Thumb Code     0  libinit.o(.ARM.Collect$$libinit$$00000000)
    __rt_lib_init_alloca_1                   0x080001c7   Thumb Code     0  libinit2.o(.ARM.Collect$$libinit$$00000030)
    __rt_lib_init_argv_1                     0x080001c7   Thumb Code     0  libinit2.o(.ARM.Collect$$libinit$$0000002E)
    __rt_lib_init_atexit_1                   0x080001c7   Thumb Code     0  libinit2.o(.ARM.Collect$$libinit$$0000001D)
    __rt_lib_init_clock_1                    0x080001c7   Thumb Code     0  libinit2.o(.ARM.Collect$$libinit$$00000023)
    __rt_lib_init_cpp_1                      0x080001c7   Thumb Code     0  libinit2.o(.ARM.Collect$$libinit$$00000034)
    __rt_lib_init_exceptions_1               0x080001c7   Thumb Code     0  libinit2.o(.ARM.Collect$$libinit$$00000032)
    __rt_lib_init_fp_1                       0x080001c7   Thumb Code     0  libinit2.o(.ARM.Collect$$libinit$$00000002)
    __rt_lib_init_fp_trap_1                  0x080001c7   Thumb Code     0  libinit2.o(.ARM.Collect$$libinit$$00000021)
    __rt_lib_init_getenv_1                   0x080001c7   Thumb Code     0  libinit2.o(.ARM.Collect$$libinit$$00000025)
    __rt_lib_init_heap_1                     0x080001c7   Thumb Code     0  libinit2.o(.ARM.Collect$$libinit$$0000000C)
    __rt_lib_init_lc_collate_1               0x080001c7   Thumb Code     0  libinit2.o(.ARM.Collect$$libinit$$00000013)
    __rt_lib_init_lc_ctype_1                 0x080001c7   Thumb Code     0  libinit2.o(.ARM.Collect$$libinit$$00000015)
    __rt_lib_init_lc_monetary_1              0x080001c7   Thumb Code     0  libinit2.o(.ARM.Collect$$libinit$$00000017)
    __rt_lib_init_lc_numeric_1               0x080001c7   Thumb Code     0  libinit2.o(.ARM.Collect$$libinit$$00000019)
    __rt_lib_init_lc_time_1                  0x080001c7   Thumb Code     0  libinit2.o(.ARM.Collect$$libinit$$0000001B)
    __rt_lib_init_preinit_1                  0x080001c7   Thumb Code     0  libinit2.o(.ARM.Collect$$libinit$$00000006)
    __rt_lib_init_rand_1                     0x080001c7   Thumb Code     0  libinit2.o(.ARM.Collect$$libinit$$00000010)
    __rt_lib_init_relocate_pie_1             0x080001c7   Thumb Code     0  libinit2.o(.ARM.Collect$$libinit$$00000004)
    __rt_lib_init_return                     0x080001c7   Thumb Code     0  libinit2.o(.ARM.Collect$$libinit$$00000035)
    __rt_lib_init_signal_1                   0x080001c7   Thumb Code     0  libinit2.o(.ARM.Collect$$libinit$$0000001F)
    __rt_lib_init_stdio_1                    0x080001c7   Thumb Code     0  libinit2.o(.ARM.Collect$$libinit$$00000027)
    __rt_lib_init_user_alloc_1               0x080001c7   Thumb Code     0  libinit2.o(.ARM.Collect$$libinit$$0000000E)
    __rt_lib_shutdown                        0x080001c9   Thumb Code     0  libshutdown.o(.ARM.Collect$$libshutdown$$00000000)
    __rt_lib_shutdown_cpp_1                  0x080001cb   Thumb Code     0  libshutdown2.o(.ARM.Collect$$libshutdown$$00000002)
    __rt_lib_shutdown_fp_trap_1              0x080001cb   Thumb Code     0  libshutdown2.o(.ARM.Collect$$libshutdown$$00000007)
    __rt_lib_shutdown_heap_1                 0x080001cb   Thumb Code     0  libshutdown2.o(.ARM.Collect$$libshutdown$$0000000F)
    __rt_lib_shutdown_return                 0x080001cb   Thumb Code     0  libshutdown2.o(.ARM.Collect$$libshutdown$$00000010)
    __rt_lib_shutdown_signal_1               0x080001cb   Thumb Code     0  libshutdown2.o(.ARM.Collect$$libshutdown$$0000000A)
    __rt_lib_shutdown_stdio_1                0x080001cb   Thumb Code     0  libshutdown2.o(.ARM.Collect$$libshutdown$$00000004)
    __rt_lib_shutdown_user_alloc_1           0x080001cb   Thumb Code     0  libshutdown2.o(.ARM.Collect$$libshutdown$$0000000C)
    __rt_entry                               0x080001cd   Thumb Code     0  __rtentry.o(.ARM.Collect$$rtentry$$00000000)
    __rt_entry_presh_1                       0x080001cd   Thumb Code     0  __rtentry2.o(.ARM.Collect$$rtentry$$00000002)
    __rt_entry_sh                            0x080001cd   Thumb Code     0  __rtentry4.o(.ARM.Collect$$rtentry$$00000004)
    __rt_entry_li                            0x080001d3   Thumb Code     0  __rtentry2.o(.ARM.Collect$$rtentry$$0000000A)
    __rt_entry_postsh_1                      0x080001d3   Thumb Code     0  __rtentry2.o(.ARM.Collect$$rtentry$$00000009)
    __rt_entry_main                          0x080001d7   Thumb Code     0  __rtentry2.o(.ARM.Collect$$rtentry$$0000000D)
    __rt_entry_postli_1                      0x080001d7   Thumb Code     0  __rtentry2.o(.ARM.Collect$$rtentry$$0000000C)
    __rt_exit                                0x080001df   Thumb Code     0  rtexit.o(.ARM.Collect$$rtexit$$00000000)
    __rt_exit_ls                             0x080001e1   Thumb Code     0  rtexit2.o(.ARM.Collect$$rtexit$$00000003)
    __rt_exit_prels_1                        0x080001e1   Thumb Code     0  rtexit2.o(.ARM.Collect$$rtexit$$00000002)
    __rt_exit_exit                           0x080001e5   Thumb Code     0  rtexit2.o(.ARM.Collect$$rtexit$$00000004)
    Reset_Handler                            0x080001ed   Thumb Code     8  startup_stm32f105xc.o(.text)
    ADC1_2_IRQHandler                        0x08000207   Thumb Code     0  startup_stm32f105xc.o(.text)
    CAN1_SCE_IRQHandler                      0x08000207   Thumb Code     0  startup_stm32f105xc.o(.text)
    CAN2_SCE_IRQHandler                      0x08000207   Thumb Code     0  startup_stm32f105xc.o(.text)
    DMA1_Channel1_IRQHandler                 0x08000207   Thumb Code     0  startup_stm32f105xc.o(.text)
    DMA1_Channel2_IRQHandler                 0x08000207   Thumb Code     0  startup_stm32f105xc.o(.text)
    DMA1_Channel3_IRQHandler                 0x08000207   Thumb Code     0  startup_stm32f105xc.o(.text)
    DMA1_Channel4_IRQHandler                 0x08000207   Thumb Code     0  startup_stm32f105xc.o(.text)
    DMA1_Channel5_IRQHandler                 0x08000207   Thumb Code     0  startup_stm32f105xc.o(.text)
    DMA1_Channel6_IRQHandler                 0x08000207   Thumb Code     0  startup_stm32f105xc.o(.text)
    DMA1_Channel7_IRQHandler                 0x08000207   Thumb Code     0  startup_stm32f105xc.o(.text)
    DMA2_Channel1_IRQHandler                 0x08000207   Thumb Code     0  startup_stm32f105xc.o(.text)
    DMA2_Channel2_IRQHandler                 0x08000207   Thumb Code     0  startup_stm32f105xc.o(.text)
    DMA2_Channel3_IRQHandler                 0x08000207   Thumb Code     0  startup_stm32f105xc.o(.text)
    DMA2_Channel4_IRQHandler                 0x08000207   Thumb Code     0  startup_stm32f105xc.o(.text)
    DMA2_Channel5_IRQHandler                 0x08000207   Thumb Code     0  startup_stm32f105xc.o(.text)
    EXTI0_IRQHandler                         0x08000207   Thumb Code     0  startup_stm32f105xc.o(.text)
    EXTI15_10_IRQHandler                     0x08000207   Thumb Code     0  startup_stm32f105xc.o(.text)
    EXTI1_IRQHandler                         0x08000207   Thumb Code     0  startup_stm32f105xc.o(.text)
    EXTI2_IRQHandler                         0x08000207   Thumb Code     0  startup_stm32f105xc.o(.text)
    EXTI3_IRQHandler                         0x08000207   Thumb Code     0  startup_stm32f105xc.o(.text)
    EXTI4_IRQHandler                         0x08000207   Thumb Code     0  startup_stm32f105xc.o(.text)
    EXTI9_5_IRQHandler                       0x08000207   Thumb Code     0  startup_stm32f105xc.o(.text)
    FLASH_IRQHandler                         0x08000207   Thumb Code     0  startup_stm32f105xc.o(.text)
    I2C1_ER_IRQHandler                       0x08000207   Thumb Code     0  startup_stm32f105xc.o(.text)
    I2C1_EV_IRQHandler                       0x08000207   Thumb Code     0  startup_stm32f105xc.o(.text)
    I2C2_ER_IRQHandler                       0x08000207   Thumb Code     0  startup_stm32f105xc.o(.text)
    I2C2_EV_IRQHandler                       0x08000207   Thumb Code     0  startup_stm32f105xc.o(.text)
    OTG_FS_IRQHandler                        0x08000207   Thumb Code     0  startup_stm32f105xc.o(.text)
    OTG_FS_WKUP_IRQHandler                   0x08000207   Thumb Code     0  startup_stm32f105xc.o(.text)
    PVD_IRQHandler                           0x08000207   Thumb Code     0  startup_stm32f105xc.o(.text)
    RCC_IRQHandler                           0x08000207   Thumb Code     0  startup_stm32f105xc.o(.text)
    RTC_Alarm_IRQHandler                     0x08000207   Thumb Code     0  startup_stm32f105xc.o(.text)
    RTC_IRQHandler                           0x08000207   Thumb Code     0  startup_stm32f105xc.o(.text)
    SPI1_IRQHandler                          0x08000207   Thumb Code     0  startup_stm32f105xc.o(.text)
    SPI2_IRQHandler                          0x08000207   Thumb Code     0  startup_stm32f105xc.o(.text)
    SPI3_IRQHandler                          0x08000207   Thumb Code     0  startup_stm32f105xc.o(.text)
    TAMPER_IRQHandler                        0x08000207   Thumb Code     0  startup_stm32f105xc.o(.text)
    TIM1_BRK_IRQHandler                      0x08000207   Thumb Code     0  startup_stm32f105xc.o(.text)
    TIM1_CC_IRQHandler                       0x08000207   Thumb Code     0  startup_stm32f105xc.o(.text)
    TIM1_TRG_COM_IRQHandler                  0x08000207   Thumb Code     0  startup_stm32f105xc.o(.text)
    TIM1_UP_IRQHandler                       0x08000207   Thumb Code     0  startup_stm32f105xc.o(.text)
    TIM2_IRQHandler                          0x08000207   Thumb Code     0  startup_stm32f105xc.o(.text)
    TIM3_IRQHandler                          0x08000207   Thumb Code     0  startup_stm32f105xc.o(.text)
    TIM4_IRQHandler                          0x08000207   Thumb Code     0  startup_stm32f105xc.o(.text)
    TIM5_IRQHandler                          0x08000207   Thumb Code     0  startup_stm32f105xc.o(.text)
    TIM6_IRQHandler                          0x08000207   Thumb Code     0  startup_stm32f105xc.o(.text)
    TIM7_IRQHandler                          0x08000207   Thumb Code     0  startup_stm32f105xc.o(.text)
    UART4_IRQHandler                         0x08000207   Thumb Code     0  startup_stm32f105xc.o(.text)
    UART5_IRQHandler                         0x08000207   Thumb Code     0  startup_stm32f105xc.o(.text)
    USART1_IRQHandler                        0x08000207   Thumb Code     0  startup_stm32f105xc.o(.text)
    USART2_IRQHandler                        0x08000207   Thumb Code     0  startup_stm32f105xc.o(.text)
    USART3_IRQHandler                        0x08000207   Thumb Code     0  startup_stm32f105xc.o(.text)
    WWDG_IRQHandler                          0x08000207   Thumb Code     0  startup_stm32f105xc.o(.text)
    __user_initial_stackheap                 0x08000209   Thumb Code     0  startup_stm32f105xc.o(.text)
    __aeabi_uldivmod                         0x0800022d   Thumb Code     0  lludivv7m.o(.text)
    _ll_udiv                                 0x0800022d   Thumb Code   240  lludivv7m.o(.text)
    strncmp                                  0x0800031d   Thumb Code   150  strncmp.o(.text)
    __aeabi_memcpy4                          0x080003b3   Thumb Code     0  rt_memcpy_w.o(.text)
    __aeabi_memcpy8                          0x080003b3   Thumb Code     0  rt_memcpy_w.o(.text)
    __rt_memcpy_w                            0x080003b3   Thumb Code   100  rt_memcpy_w.o(.text)
    _memcpy_lastbytes_aligned                0x080003fb   Thumb Code     0  rt_memcpy_w.o(.text)
    __use_two_region_memory                  0x08000417   Thumb Code     2  heapauxi.o(.text)
    __rt_heap_escrow$2region                 0x08000419   Thumb Code     2  heapauxi.o(.text)
    __rt_heap_expand$2region                 0x0800041b   Thumb Code     2  heapauxi.o(.text)
    __user_setup_stackheap                   0x0800041d   Thumb Code    74  sys_stackheap_outer.o(.text)
    exit                                     0x08000467   Thumb Code    18  exit.o(.text)
    __user_libspace                          0x08000479   Thumb Code     8  libspace.o(.text)
    __user_perproc_libspace                  0x08000479   Thumb Code     0  libspace.o(.text)
    __user_perthread_libspace                0x08000479   Thumb Code     0  libspace.o(.text)
    _sys_exit                                0x08000481   Thumb Code     8  sys_exit.o(.text)
    __I$use$semihosting                      0x0800048d   Thumb Code     0  use_no_semi.o(.text)
    __use_no_semihosting_swi                 0x0800048d   Thumb Code     2  use_no_semi.o(.text)
    __semihosting_library_function           0x0800048f   Thumb Code     0  indicate_semi.o(.text)
    AddCANFilters                            0x08000491   Thumb Code    80  can.o(.text.AddCANFilters)
    BusFault_Handler                         0x080004e1   Thumb Code     2  stm32f1xx_it.o(.text.BusFault_Handler)
    CAN1_RX0_IRQHandler                      0x080004e5   Thumb Code    12  stm32f1xx_it.o(.text.CAN1_RX0_IRQHandler)
    CAN1_RX1_IRQHandler                      0x080004f1   Thumb Code    12  stm32f1xx_it.o(.text.CAN1_RX1_IRQHandler)
    CAN1_TX_IRQHandler                       0x080004fd   Thumb Code    12  stm32f1xx_it.o(.text.CAN1_TX_IRQHandler)
    CAN2_RX0_IRQHandler                      0x08000509   Thumb Code    12  stm32f1xx_it.o(.text.CAN2_RX0_IRQHandler)
    CAN2_RX1_IRQHandler                      0x08000515   Thumb Code    12  stm32f1xx_it.o(.text.CAN2_RX1_IRQHandler)
    CAN2_TX_IRQHandler                       0x08000521   Thumb Code    12  stm32f1xx_it.o(.text.CAN2_TX_IRQHandler)
    DebugMon_Handler                         0x0800052d   Thumb Code     2  stm32f1xx_it.o(.text.DebugMon_Handler)
    Error_Handler                            0x08000531   Thumb Code    10  main.o(.text.Error_Handler)
    FLASH_WaitForLastOperation               0x0800053d   Thumb Code   224  stm32f1xx_hal_flash.o(.text.FLASH_WaitForLastOperation)
    HAL_CAN_ActivateNotification             0x0800061d   Thumb Code    46  stm32f1xx_hal_can.o(.text.HAL_CAN_ActivateNotification)
    HAL_CAN_AddTxMessage                     0x0800064d   Thumb Code   188  stm32f1xx_hal_can.o(.text.HAL_CAN_AddTxMessage)
    HAL_CAN_ConfigFilter                     0x08000709   Thumb Code   222  stm32f1xx_hal_can.o(.text.HAL_CAN_ConfigFilter)
    HAL_CAN_ErrorCallback                    0x080007e9   Thumb Code     2  stm32f1xx_hal_can.o(.text.HAL_CAN_ErrorCallback)
    HAL_CAN_GetRxMessage                     0x080007ed   Thumb Code   286  stm32f1xx_hal_can.o(.text.HAL_CAN_GetRxMessage)
    HAL_CAN_GetTxMailboxesFreeLevel          0x0800090d   Thumb Code    40  stm32f1xx_hal_can.o(.text.HAL_CAN_GetTxMailboxesFreeLevel)
    HAL_CAN_IRQHandler                       0x08000935   Thumb Code   590  stm32f1xx_hal_can.o(.text.HAL_CAN_IRQHandler)
    HAL_CAN_Init                             0x08000b85   Thumb Code   396  stm32f1xx_hal_can.o(.text.HAL_CAN_Init)
    HAL_CAN_MspInit                          0x08000d11   Thumb Code   378  can.o(.text.HAL_CAN_MspInit)
    HAL_CAN_RegisterCallback                 0x08000e8d   Thumb Code   182  stm32f1xx_hal_can.o(.text.HAL_CAN_RegisterCallback)
    HAL_CAN_RxFIFO0MsgPendingCallback1       0x08000f45   Thumb Code   146  can.o(.text.HAL_CAN_RxFIFO0MsgPendingCallback1)
    HAL_CAN_RxFIFO0MsgPendingCallback2       0x08000fd9   Thumb Code   146  can.o(.text.HAL_CAN_RxFIFO0MsgPendingCallback2)
    HAL_CAN_RxFIFO1MsgPendingCallback1       0x0800106d   Thumb Code   144  can.o(.text.HAL_CAN_RxFIFO1MsgPendingCallback1)
    HAL_CAN_RxFIFO1MsgPendingCallback2       0x080010fd   Thumb Code   144  can.o(.text.HAL_CAN_RxFIFO1MsgPendingCallback2)
    HAL_CAN_RxFifo0FullCallback              0x0800118d   Thumb Code     2  stm32f1xx_hal_can.o(.text.HAL_CAN_RxFifo0FullCallback)
    HAL_CAN_RxFifo0MsgPendingCallback        0x08001191   Thumb Code     2  stm32f1xx_hal_can.o(.text.HAL_CAN_RxFifo0MsgPendingCallback)
    HAL_CAN_RxFifo1FullCallback              0x08001195   Thumb Code     2  stm32f1xx_hal_can.o(.text.HAL_CAN_RxFifo1FullCallback)
    HAL_CAN_RxFifo1MsgPendingCallback        0x08001199   Thumb Code     2  stm32f1xx_hal_can.o(.text.HAL_CAN_RxFifo1MsgPendingCallback)
    HAL_CAN_SleepCallback                    0x0800119d   Thumb Code     2  stm32f1xx_hal_can.o(.text.HAL_CAN_SleepCallback)
    HAL_CAN_Start                            0x080011a1   Thumb Code    90  stm32f1xx_hal_can.o(.text.HAL_CAN_Start)
    HAL_CAN_TxMailbox0AbortCallback          0x080011fd   Thumb Code     2  stm32f1xx_hal_can.o(.text.HAL_CAN_TxMailbox0AbortCallback)
    HAL_CAN_TxMailbox0CompleteCallback       0x08001201   Thumb Code     2  stm32f1xx_hal_can.o(.text.HAL_CAN_TxMailbox0CompleteCallback)
    HAL_CAN_TxMailbox1AbortCallback          0x08001205   Thumb Code     2  stm32f1xx_hal_can.o(.text.HAL_CAN_TxMailbox1AbortCallback)
    HAL_CAN_TxMailbox1CompleteCallback       0x08001209   Thumb Code     2  stm32f1xx_hal_can.o(.text.HAL_CAN_TxMailbox1CompleteCallback)
    HAL_CAN_TxMailbox2AbortCallback          0x0800120d   Thumb Code     2  stm32f1xx_hal_can.o(.text.HAL_CAN_TxMailbox2AbortCallback)
    HAL_CAN_TxMailbox2CompleteCallback       0x08001211   Thumb Code     2  stm32f1xx_hal_can.o(.text.HAL_CAN_TxMailbox2CompleteCallback)
    HAL_CAN_WakeUpFromRxMsgCallback          0x08001215   Thumb Code     2  stm32f1xx_hal_can.o(.text.HAL_CAN_WakeUpFromRxMsgCallback)
    HAL_FLASHEx_OBErase                      0x08001219   Thumb Code   174  stm32f1xx_hal_flash_ex.o(.text.HAL_FLASHEx_OBErase)
    HAL_FLASHEx_OBGetConfig                  0x080012c9   Thumb Code    42  stm32f1xx_hal_flash_ex.o(.text.HAL_FLASHEx_OBGetConfig)
    HAL_FLASHEx_OBProgram                    0x080012f5   Thumb Code   686  stm32f1xx_hal_flash_ex.o(.text.HAL_FLASHEx_OBProgram)
    HAL_FLASH_OB_Launch                      0x080015a5   Thumb Code     4  stm32f1xx_hal_flash.o(.text.HAL_FLASH_OB_Launch)
    HAL_FLASH_OB_Lock                        0x080015a9   Thumb Code    20  stm32f1xx_hal_flash.o(.text.HAL_FLASH_OB_Lock)
    HAL_FLASH_OB_Unlock                      0x080015bd   Thumb Code    42  stm32f1xx_hal_flash.o(.text.HAL_FLASH_OB_Unlock)
    HAL_FLASH_Unlock                         0x080015e9   Thumb Code    46  stm32f1xx_hal_flash.o(.text.HAL_FLASH_Unlock)
    HAL_GPIO_Init                            0x08001619   Thumb Code   530  stm32f1xx_hal_gpio.o(.text.HAL_GPIO_Init)
    HAL_GPIO_ReadPin                         0x0800182d   Thumb Code    10  stm32f1xx_hal_gpio.o(.text.HAL_GPIO_ReadPin)
    HAL_GetTick                              0x08001839   Thumb Code    12  stm32f1xx_hal.o(.text.HAL_GetTick)
    HAL_IWDG_Init                            0x08001845   Thumb Code    88  stm32f1xx_hal_iwdg.o(.text.HAL_IWDG_Init)
    HAL_IWDG_Refresh                         0x0800189d   Thumb Code    12  stm32f1xx_hal_iwdg.o(.text.HAL_IWDG_Refresh)
    HAL_IncTick                              0x080018a9   Thumb Code    26  stm32f1xx_hal.o(.text.HAL_IncTick)
    HAL_Init                                 0x080018c5   Thumb Code    38  stm32f1xx_hal.o(.text.HAL_Init)
    HAL_InitTick                             0x080018ed   Thumb Code    72  stm32f1xx_hal.o(.text.HAL_InitTick)
    HAL_MspInit                              0x08001935   Thumb Code    66  stm32f1xx_hal_msp.o(.text.HAL_MspInit)
    HAL_NVIC_EnableIRQ                       0x08001979   Thumb Code    32  stm32f1xx_hal_cortex.o(.text.HAL_NVIC_EnableIRQ)
    HAL_NVIC_SetPriority                     0x08001999   Thumb Code    86  stm32f1xx_hal_cortex.o(.text.HAL_NVIC_SetPriority)
    HAL_NVIC_SetPriorityGrouping             0x080019f1   Thumb Code    32  stm32f1xx_hal_cortex.o(.text.HAL_NVIC_SetPriorityGrouping)
    HAL_NVIC_SystemReset                     0x08001a11   Thumb Code     4  stm32f1xx_hal_cortex.o(.text.HAL_NVIC_SystemReset)
    HAL_RCC_ClockConfig                      0x08001a15   Thumb Code   528  stm32f1xx_hal_rcc.o(.text.HAL_RCC_ClockConfig)
    HAL_RCC_OscConfig                        0x08001c25   Thumb Code  1188  stm32f1xx_hal_rcc.o(.text.HAL_RCC_OscConfig)
    HAL_SYSTICK_Config                       0x080020c9   Thumb Code    44  stm32f1xx_hal_cortex.o(.text.HAL_SYSTICK_Config)
    HardFault_Handler                        0x080020f5   Thumb Code     2  stm32f1xx_it.o(.text.HardFault_Handler)
    LenCan                                   0x080020f9   Thumb Code    64  can.o(.text.LenCan)
    MX_CAN1_Init                             0x08002139   Thumb Code    68  can.o(.text.MX_CAN1_Init)
    MX_CAN2_Init                             0x0800217d   Thumb Code    68  can.o(.text.MX_CAN2_Init)
    MX_GPIO_Init                             0x080021c1   Thumb Code   140  gpio.o(.text.MX_GPIO_Init)
    MX_IWDG_Init                             0x0800224d   Thumb Code    46  iwdg.o(.text.MX_IWDG_Init)
    MemManage_Handler                        0x0800227d   Thumb Code     2  stm32f1xx_it.o(.text.MemManage_Handler)
    NMI_Handler                              0x08002281   Thumb Code     2  stm32f1xx_it.o(.text.NMI_Handler)
    PendSV_Handler                           0x08002285   Thumb Code     2  stm32f1xx_it.o(.text.PendSV_Handler)
    PopCan                                   0x08002289   Thumb Code    94  can.o(.text.PopCan)
    PushCan                                  0x080022e9   Thumb Code   122  can.o(.text.PushCan)
    SVC_Handler                              0x08002365   Thumb Code     2  stm32f1xx_it.o(.text.SVC_Handler)
    SysTick_Handler                          0x08002369   Thumb Code     4  stm32f1xx_it.o(.text.SysTick_Handler)
    SystemInit                               0x0800236d   Thumb Code     2  system_stm32f1xx.o(.text.SystemInit)
    UsageFault_Handler                       0x08002371   Thumb Code     2  stm32f1xx_it.o(.text.UsageFault_Handler)
    calc_sum4                                0x080023cd   Thumb Code    98  can-bridge-firmware.o(.text.calc_sum4)
    calculate_SOH_bars                       0x08002431   Thumb Code   230  can-bridge-firmware.o(.text.calculate_SOH_bars)
    can_handler                              0x08002519   Thumb Code  2932  can-bridge-firmware.o(.text.can_handler)
    convert_5bc_to_array                     0x0800308d   Thumb Code   110  can-bridge-firmware.o(.text.convert_5bc_to_array)
    convert_5c0_to_array                     0x080030fd   Thumb Code    44  can-bridge-firmware.o(.text.convert_5c0_to_array)
    main                                     0x08003129   Thumb Code   520  main.o(.text.main)
    one_second_ping                          0x08003331   Thumb Code    42  can-bridge-firmware.o(.text.one_second_ping)
    sendCan                                  0x0800335d   Thumb Code   204  can.o(.text.sendCan)
    AHBPrescTable                            0x0800343e   Data          16  system_stm32f1xx.o(.rodata.AHBPrescTable)
    Region$$Table$$Base                      0x080035b0   Number         0  anon$$obj.o(Region$$Table)
    Region$$Table$$Limit                     0x080035d0   Number         0  anon$$obj.o(Region$$Table)
    My_Leaf                                  0x20000000   Data           1  can-bridge-firmware.o(.data..L_MergedGlobals)
    uwTickFreq                               0x20000070   Data           1  stm32f1xx_hal.o(.data..L_MergedGlobals)
    uwTickPrio                               0x20000074   Data           4  stm32f1xx_hal.o(.data..L_MergedGlobals)
    SystemCoreClock                          0x200000b8   Data           4  system_stm32f1xx.o(.data.SystemCoreClock)
    __libspace_start                         0x200000c0   Data          96  libspace.o(.bss)
    __temporary_stack_top$libspace           0x20000120   Data           0  libspace.o(.bss)
    My_Battery                               0x20000148   Data           1  can-bridge-firmware.o(.bss..L_MergedGlobals.7)
    hcan1                                    0x20000570   Data         100  can.o(.bss.hcan1)
    hcan2                                    0x200005d4   Data         100  can.o(.bss.hcan2)
    hiwdg                                    0x20000638   Data          12  iwdg.o(.bss.hiwdg)
    pFlash                                   0x20000648   Data          32  stm32f1xx_hal_flash.o(.bss.pFlash)
    uwTick                                   0x20000668   Data           4  stm32f1xx_hal.o(.bss.uwTick)



==============================================================================

Memory Map of the image

  Image Entry point : 0x08000151

  Load Region LR_IROM1 (Base: 0x08000000, Size: 0x00003690, Max: 0x00040000, ABSOLUTE)

    Execution Region ER_IROM1 (Exec base: 0x08000000, Load base: 0x08000000, Size: 0x000035d0, Max: 0x00040000, ABSOLUTE)

    Exec Addr    Load Addr    Size         Type   Attr      Idx    E Section Name        Object

    0x08000000   0x08000000   0x00000150   Data   RO            3    RESET               startup_stm32f105xc.o
    0x08000150   0x08000150   0x00000008   Code   RO          642  * !!!main             c_w.l(__main.o)
    0x08000158   0x08000158   0x00000034   Code   RO          817    !!!scatter          c_w.l(__scatter.o)
    0x0800018c   0x0800018c   0x0000001a   Code   RO          819    !!handler_copy      c_w.l(__scatter_copy.o)
    0x080001a6   0x080001a6   0x00000002   PAD
    0x080001a8   0x080001a8   0x0000001c   Code   RO          821    !!handler_zi        c_w.l(__scatter_zi.o)
    0x080001c4   0x080001c4   0x00000002   Code   RO          679    .ARM.Collect$$libinit$$00000000  c_w.l(libinit.o)
    0x080001c6   0x080001c6   0x00000000   Code   RO          692    .ARM.Collect$$libinit$$00000002  c_w.l(libinit2.o)
    0x080001c6   0x080001c6   0x00000000   Code   RO          694    .ARM.Collect$$libinit$$00000004  c_w.l(libinit2.o)
    0x080001c6   0x080001c6   0x00000000   Code   RO          696    .ARM.Collect$$libinit$$00000006  c_w.l(libinit2.o)
    0x080001c6   0x080001c6   0x00000000   Code   RO          699    .ARM.Collect$$libinit$$0000000C  c_w.l(libinit2.o)
    0x080001c6   0x080001c6   0x00000000   Code   RO          701    .ARM.Collect$$libinit$$0000000E  c_w.l(libinit2.o)
    0x080001c6   0x080001c6   0x00000000   Code   RO          703    .ARM.Collect$$libinit$$00000010  c_w.l(libinit2.o)
    0x080001c6   0x080001c6   0x00000000   Code   RO          706    .ARM.Collect$$libinit$$00000013  c_w.l(libinit2.o)
    0x080001c6   0x080001c6   0x00000000   Code   RO          708    .ARM.Collect$$libinit$$00000015  c_w.l(libinit2.o)
    0x080001c6   0x080001c6   0x00000000   Code   RO          710    .ARM.Collect$$libinit$$00000017  c_w.l(libinit2.o)
    0x080001c6   0x080001c6   0x00000000   Code   RO          712    .ARM.Collect$$libinit$$00000019  c_w.l(libinit2.o)
    0x080001c6   0x080001c6   0x00000000   Code   RO          714    .ARM.Collect$$libinit$$0000001B  c_w.l(libinit2.o)
    0x080001c6   0x080001c6   0x00000000   Code   RO          716    .ARM.Collect$$libinit$$0000001D  c_w.l(libinit2.o)
    0x080001c6   0x080001c6   0x00000000   Code   RO          718    .ARM.Collect$$libinit$$0000001F  c_w.l(libinit2.o)
    0x080001c6   0x080001c6   0x00000000   Code   RO          720    .ARM.Collect$$libinit$$00000021  c_w.l(libinit2.o)
    0x080001c6   0x080001c6   0x00000000   Code   RO          722    .ARM.Collect$$libinit$$00000023  c_w.l(libinit2.o)
    0x080001c6   0x080001c6   0x00000000   Code   RO          724    .ARM.Collect$$libinit$$00000025  c_w.l(libinit2.o)
    0x080001c6   0x080001c6   0x00000000   Code   RO          726    .ARM.Collect$$libinit$$00000027  c_w.l(libinit2.o)
    0x080001c6   0x080001c6   0x00000000   Code   RO          730    .ARM.Collect$$libinit$$0000002E  c_w.l(libinit2.o)
    0x080001c6   0x080001c6   0x00000000   Code   RO          732    .ARM.Collect$$libinit$$00000030  c_w.l(libinit2.o)
    0x080001c6   0x080001c6   0x00000000   Code   RO          734    .ARM.Collect$$libinit$$00000032  c_w.l(libinit2.o)
    0x080001c6   0x080001c6   0x00000000   Code   RO          736    .ARM.Collect$$libinit$$00000034  c_w.l(libinit2.o)
    0x080001c6   0x080001c6   0x00000002   Code   RO          737    .ARM.Collect$$libinit$$00000035  c_w.l(libinit2.o)
    0x080001c8   0x080001c8   0x00000002   Code   RO          772    .ARM.Collect$$libshutdown$$00000000  c_w.l(libshutdown.o)
    0x080001ca   0x080001ca   0x00000000   Code   RO          800    .ARM.Collect$$libshutdown$$00000002  c_w.l(libshutdown2.o)
    0x080001ca   0x080001ca   0x00000000   Code   RO          802    .ARM.Collect$$libshutdown$$00000004  c_w.l(libshutdown2.o)
    0x080001ca   0x080001ca   0x00000000   Code   RO          805    .ARM.Collect$$libshutdown$$00000007  c_w.l(libshutdown2.o)
    0x080001ca   0x080001ca   0x00000000   Code   RO          808    .ARM.Collect$$libshutdown$$0000000A  c_w.l(libshutdown2.o)
    0x080001ca   0x080001ca   0x00000000   Code   RO          810    .ARM.Collect$$libshutdown$$0000000C  c_w.l(libshutdown2.o)
    0x080001ca   0x080001ca   0x00000000   Code   RO          813    .ARM.Collect$$libshutdown$$0000000F  c_w.l(libshutdown2.o)
    0x080001ca   0x080001ca   0x00000002   Code   RO          814    .ARM.Collect$$libshutdown$$00000010  c_w.l(libshutdown2.o)
    0x080001cc   0x080001cc   0x00000000   Code   RO          644    .ARM.Collect$$rtentry$$00000000  c_w.l(__rtentry.o)
    0x080001cc   0x080001cc   0x00000000   Code   RO          650    .ARM.Collect$$rtentry$$00000002  c_w.l(__rtentry2.o)
    0x080001cc   0x080001cc   0x00000006   Code   RO          662    .ARM.Collect$$rtentry$$00000004  c_w.l(__rtentry4.o)
    0x080001d2   0x080001d2   0x00000000   Code   RO          652    .ARM.Collect$$rtentry$$00000009  c_w.l(__rtentry2.o)
    0x080001d2   0x080001d2   0x00000004   Code   RO          653    .ARM.Collect$$rtentry$$0000000A  c_w.l(__rtentry2.o)
    0x080001d6   0x080001d6   0x00000000   Code   RO          655    .ARM.Collect$$rtentry$$0000000C  c_w.l(__rtentry2.o)
    0x080001d6   0x080001d6   0x00000008   Code   RO          656    .ARM.Collect$$rtentry$$0000000D  c_w.l(__rtentry2.o)
    0x080001de   0x080001de   0x00000002   Code   RO          683    .ARM.Collect$$rtexit$$00000000  c_w.l(rtexit.o)
    0x080001e0   0x080001e0   0x00000000   Code   RO          743    .ARM.Collect$$rtexit$$00000002  c_w.l(rtexit2.o)
    0x080001e0   0x080001e0   0x00000004   Code   RO          744    .ARM.Collect$$rtexit$$00000003  c_w.l(rtexit2.o)
    0x080001e4   0x080001e4   0x00000006   Code   RO          745    .ARM.Collect$$rtexit$$00000004  c_w.l(rtexit2.o)
    0x080001ea   0x080001ea   0x00000002   PAD
    0x080001ec   0x080001ec   0x00000040   Code   RO            4    .text               startup_stm32f105xc.o
    0x0800022c   0x0800022c   0x000000f0   Code   RO          634    .text               c_w.l(lludivv7m.o)
    0x0800031c   0x0800031c   0x00000096   Code   RO          636    .text               c_w.l(strncmp.o)
    0x080003b2   0x080003b2   0x00000064   Code   RO          638    .text               c_w.l(rt_memcpy_w.o)
    0x08000416   0x08000416   0x00000006   Code   RO          640    .text               c_w.l(heapauxi.o)
    0x0800041c   0x0800041c   0x0000004a   Code   RO          666    .text               c_w.l(sys_stackheap_outer.o)
    0x08000466   0x08000466   0x00000012   Code   RO          668    .text               c_w.l(exit.o)
    0x08000478   0x08000478   0x00000008   Code   RO          680    .text               c_w.l(libspace.o)
    0x08000480   0x08000480   0x0000000c   Code   RO          738    .text               c_w.l(sys_exit.o)
    0x0800048c   0x0800048c   0x00000002   Code   RO          761    .text               c_w.l(use_no_semi.o)
    0x0800048e   0x0800048e   0x00000000   Code   RO          763    .text               c_w.l(indicate_semi.o)
    0x0800048e   0x0800048e   0x00000002   PAD
    0x08000490   0x08000490   0x00000050   Code   RO           79    .text.AddCANFilters  can.o
    0x080004e0   0x080004e0   0x00000002   Code   RO          125    .text.BusFault_Handler  stm32f1xx_it.o
    0x080004e2   0x080004e2   0x00000002   PAD
    0x080004e4   0x080004e4   0x0000000c   Code   RO          139    .text.CAN1_RX0_IRQHandler  stm32f1xx_it.o
    0x080004f0   0x080004f0   0x0000000c   Code   RO          141    .text.CAN1_RX1_IRQHandler  stm32f1xx_it.o
    0x080004fc   0x080004fc   0x0000000c   Code   RO          137    .text.CAN1_TX_IRQHandler  stm32f1xx_it.o
    0x08000508   0x08000508   0x0000000c   Code   RO          145    .text.CAN2_RX0_IRQHandler  stm32f1xx_it.o
    0x08000514   0x08000514   0x0000000c   Code   RO          147    .text.CAN2_RX1_IRQHandler  stm32f1xx_it.o
    0x08000520   0x08000520   0x0000000c   Code   RO          143    .text.CAN2_TX_IRQHandler  stm32f1xx_it.o
    0x0800052c   0x0800052c   0x00000002   Code   RO          131    .text.DebugMon_Handler  stm32f1xx_it.o
    0x0800052e   0x0800052e   0x00000002   PAD
    0x08000530   0x08000530   0x0000000a   Code   RO           49    .text.Error_Handler  main.o
    0x0800053a   0x0800053a   0x00000002   PAD
    0x0800053c   0x0800053c   0x000000e0   Code   RO          525    .text.FLASH_WaitForLastOperation  stm32f1xx_hal_flash.o
    0x0800061c   0x0800061c   0x0000002e   Code   RO          243    .text.HAL_CAN_ActivateNotification  stm32f1xx_hal_can.o
    0x0800064a   0x0800064a   0x00000002   PAD
    0x0800064c   0x0800064c   0x000000bc   Code   RO          229    .text.HAL_CAN_AddTxMessage  stm32f1xx_hal_can.o
    0x08000708   0x08000708   0x000000de   Code   RO          219    .text.HAL_CAN_ConfigFilter  stm32f1xx_hal_can.o
    0x080007e6   0x080007e6   0x00000002   PAD
    0x080007e8   0x080007e8   0x00000002   Code   RO          205    .text.HAL_CAN_ErrorCallback  stm32f1xx_hal_can.o
    0x080007ea   0x080007ea   0x00000002   PAD
    0x080007ec   0x080007ec   0x0000011e   Code   RO          239    .text.HAL_CAN_GetRxMessage  stm32f1xx_hal_can.o
    0x0800090a   0x0800090a   0x00000002   PAD
    0x0800090c   0x0800090c   0x00000028   Code   RO          233    .text.HAL_CAN_GetTxMailboxesFreeLevel  stm32f1xx_hal_can.o
    0x08000934   0x08000934   0x0000024e   Code   RO          247    .text.HAL_CAN_IRQHandler  stm32f1xx_hal_can.o
    0x08000b82   0x08000b82   0x00000002   PAD
    0x08000b84   0x08000b84   0x0000018c   Code   RO          179    .text.HAL_CAN_Init  stm32f1xx_hal_can.o
    0x08000d10   0x08000d10   0x0000017a   Code   RO           75    .text.HAL_CAN_MspInit  can.o
    0x08000e8a   0x08000e8a   0x00000002   PAD
    0x08000e8c   0x08000e8c   0x000000b6   Code   RO          215    .text.HAL_CAN_RegisterCallback  stm32f1xx_hal_can.o
    0x08000f42   0x08000f42   0x00000002   PAD
    0x08000f44   0x08000f44   0x00000092   Code   RO           81    .text.HAL_CAN_RxFIFO0MsgPendingCallback1  can.o
    0x08000fd6   0x08000fd6   0x00000002   PAD
    0x08000fd8   0x08000fd8   0x00000092   Code   RO           87    .text.HAL_CAN_RxFIFO0MsgPendingCallback2  can.o
    0x0800106a   0x0800106a   0x00000002   PAD
    0x0800106c   0x0800106c   0x00000090   Code   RO           85    .text.HAL_CAN_RxFIFO1MsgPendingCallback1  can.o
    0x080010fc   0x080010fc   0x00000090   Code   RO           89    .text.HAL_CAN_RxFIFO1MsgPendingCallback2  can.o
    0x0800118c   0x0800118c   0x00000002   Code   RO          183    .text.HAL_CAN_RxFifo0FullCallback  stm32f1xx_hal_can.o
    0x0800118e   0x0800118e   0x00000002   PAD
    0x08001190   0x08001190   0x00000002   Code   RO          181    .text.HAL_CAN_RxFifo0MsgPendingCallback  stm32f1xx_hal_can.o
    0x08001192   0x08001192   0x00000002   PAD
    0x08001194   0x08001194   0x00000002   Code   RO          187    .text.HAL_CAN_RxFifo1FullCallback  stm32f1xx_hal_can.o
    0x08001196   0x08001196   0x00000002   PAD
    0x08001198   0x08001198   0x00000002   Code   RO          185    .text.HAL_CAN_RxFifo1MsgPendingCallback  stm32f1xx_hal_can.o
    0x0800119a   0x0800119a   0x00000002   PAD
    0x0800119c   0x0800119c   0x00000002   Code   RO          201    .text.HAL_CAN_SleepCallback  stm32f1xx_hal_can.o
    0x0800119e   0x0800119e   0x00000002   PAD
    0x080011a0   0x080011a0   0x0000005a   Code   RO          221    .text.HAL_CAN_Start  stm32f1xx_hal_can.o
    0x080011fa   0x080011fa   0x00000002   PAD
    0x080011fc   0x080011fc   0x00000002   Code   RO          195    .text.HAL_CAN_TxMailbox0AbortCallback  stm32f1xx_hal_can.o
    0x080011fe   0x080011fe   0x00000002   PAD
    0x08001200   0x08001200   0x00000002   Code   RO          189    .text.HAL_CAN_TxMailbox0CompleteCallback  stm32f1xx_hal_can.o
    0x08001202   0x08001202   0x00000002   PAD
    0x08001204   0x08001204   0x00000002   Code   RO          197    .text.HAL_CAN_TxMailbox1AbortCallback  stm32f1xx_hal_can.o
    0x08001206   0x08001206   0x00000002   PAD
    0x08001208   0x08001208   0x00000002   Code   RO          191    .text.HAL_CAN_TxMailbox1CompleteCallback  stm32f1xx_hal_can.o
    0x0800120a   0x0800120a   0x00000002   PAD
    0x0800120c   0x0800120c   0x00000002   Code   RO          199    .text.HAL_CAN_TxMailbox2AbortCallback  stm32f1xx_hal_can.o
    0x0800120e   0x0800120e   0x00000002   PAD
    0x08001210   0x08001210   0x00000002   Code   RO          193    .text.HAL_CAN_TxMailbox2CompleteCallback  stm32f1xx_hal_can.o
    0x08001212   0x08001212   0x00000002   PAD
    0x08001214   0x08001214   0x00000002   Code   RO          203    .text.HAL_CAN_WakeUpFromRxMsgCallback  stm32f1xx_hal_can.o
    0x08001216   0x08001216   0x00000002   PAD
    0x08001218   0x08001218   0x000000ae   Code   RO          562    .text.HAL_FLASHEx_OBErase  stm32f1xx_hal_flash_ex.o
    0x080012c6   0x080012c6   0x00000002   PAD
    0x080012c8   0x080012c8   0x0000002a   Code   RO          566    .text.HAL_FLASHEx_OBGetConfig  stm32f1xx_hal_flash_ex.o
    0x080012f2   0x080012f2   0x00000002   PAD
    0x080012f4   0x080012f4   0x000002ae   Code   RO          564    .text.HAL_FLASHEx_OBProgram  stm32f1xx_hal_flash_ex.o
    0x080015a2   0x080015a2   0x00000002   PAD
    0x080015a4   0x080015a4   0x00000004   Code   RO          543    .text.HAL_FLASH_OB_Launch  stm32f1xx_hal_flash.o
    0x080015a8   0x080015a8   0x00000014   Code   RO          541    .text.HAL_FLASH_OB_Lock  stm32f1xx_hal_flash.o
    0x080015bc   0x080015bc   0x0000002a   Code   RO          539    .text.HAL_FLASH_OB_Unlock  stm32f1xx_hal_flash.o
    0x080015e6   0x080015e6   0x00000002   PAD
    0x080015e8   0x080015e8   0x0000002e   Code   RO          535    .text.HAL_FLASH_Unlock  stm32f1xx_hal_flash.o
    0x08001616   0x08001616   0x00000002   PAD
    0x08001618   0x08001618   0x00000212   Code   RO          383    .text.HAL_GPIO_Init  stm32f1xx_hal_gpio.o
    0x0800182a   0x0800182a   0x00000002   PAD
    0x0800182c   0x0800182c   0x0000000a   Code   RO          387    .text.HAL_GPIO_ReadPin  stm32f1xx_hal_gpio.o
    0x08001836   0x08001836   0x00000002   PAD
    0x08001838   0x08001838   0x0000000c   Code   RO          275    .text.HAL_GetTick   stm32f1xx_hal.o
    0x08001844   0x08001844   0x00000058   Code   RO          604    .text.HAL_IWDG_Init  stm32f1xx_hal_iwdg.o
    0x0800189c   0x0800189c   0x0000000c   Code   RO          606    .text.HAL_IWDG_Refresh  stm32f1xx_hal_iwdg.o
    0x080018a8   0x080018a8   0x0000001a   Code   RO          273    .text.HAL_IncTick   stm32f1xx_hal.o
    0x080018c2   0x080018c2   0x00000002   PAD
    0x080018c4   0x080018c4   0x00000026   Code   RO          263    .text.HAL_Init      stm32f1xx_hal.o
    0x080018ea   0x080018ea   0x00000002   PAD
    0x080018ec   0x080018ec   0x00000048   Code   RO          265    .text.HAL_InitTick  stm32f1xx_hal.o
    0x08001934   0x08001934   0x00000042   Code   RO          156    .text.HAL_MspInit   stm32f1xx_hal_msp.o
    0x08001976   0x08001976   0x00000002   PAD
    0x08001978   0x08001978   0x00000020   Code   RO          443    .text.HAL_NVIC_EnableIRQ  stm32f1xx_hal_cortex.o
    0x08001998   0x08001998   0x00000056   Code   RO          441    .text.HAL_NVIC_SetPriority  stm32f1xx_hal_cortex.o
    0x080019ee   0x080019ee   0x00000002   PAD
    0x080019f0   0x080019f0   0x00000020   Code   RO          439    .text.HAL_NVIC_SetPriorityGrouping  stm32f1xx_hal_cortex.o
    0x08001a10   0x08001a10   0x00000004   Code   RO          447    .text.HAL_NVIC_SystemReset  stm32f1xx_hal_cortex.o
    0x08001a14   0x08001a14   0x00000210   Code   RO          327    .text.HAL_RCC_ClockConfig  stm32f1xx_hal_rcc.o
    0x08001c24   0x08001c24   0x000004a4   Code   RO          325    .text.HAL_RCC_OscConfig  stm32f1xx_hal_rcc.o
    0x080020c8   0x080020c8   0x0000002c   Code   RO          451    .text.HAL_SYSTICK_Config  stm32f1xx_hal_cortex.o
    0x080020f4   0x080020f4   0x00000002   Code   RO          121    .text.HardFault_Handler  stm32f1xx_it.o
    0x080020f6   0x080020f6   0x00000002   PAD
    0x080020f8   0x080020f8   0x00000040   Code   RO           93    .text.LenCan        can.o
    0x08002138   0x08002138   0x00000044   Code   RO           71    .text.MX_CAN1_Init  can.o
    0x0800217c   0x0800217c   0x00000044   Code   RO           73    .text.MX_CAN2_Init  can.o
    0x080021c0   0x080021c0   0x0000008c   Code   RO           62    .text.MX_GPIO_Init  gpio.o
    0x0800224c   0x0800224c   0x0000002e   Code   RO          110    .text.MX_IWDG_Init  iwdg.o
    0x0800227a   0x0800227a   0x00000002   PAD
    0x0800227c   0x0800227c   0x00000002   Code   RO          123    .text.MemManage_Handler  stm32f1xx_it.o
    0x0800227e   0x0800227e   0x00000002   PAD
    0x08002280   0x08002280   0x00000002   Code   RO          119    .text.NMI_Handler   stm32f1xx_it.o
    0x08002282   0x08002282   0x00000002   PAD
    0x08002284   0x08002284   0x00000002   Code   RO          133    .text.PendSV_Handler  stm32f1xx_it.o
    0x08002286   0x08002286   0x00000002   PAD
    0x08002288   0x08002288   0x0000005e   Code   RO           95    .text.PopCan        can.o
    0x080022e6   0x080022e6   0x00000002   PAD
    0x080022e8   0x080022e8   0x0000007a   Code   RO           83    .text.PushCan       can.o
    0x08002362   0x08002362   0x00000002   PAD
    0x08002364   0x08002364   0x00000002   Code   RO          129    .text.SVC_Handler   stm32f1xx_it.o
    0x08002366   0x08002366   0x00000002   PAD
    0x08002368   0x08002368   0x00000004   Code   RO          135    .text.SysTick_Handler  stm32f1xx_it.o
    0x0800236c   0x0800236c   0x00000002   Code   RO          618    .text.SystemInit    system_stm32f1xx.o
    0x0800236e   0x0800236e   0x00000002   PAD
    0x08002370   0x08002370   0x00000002   Code   RO          127    .text.UsageFault_Handler  stm32f1xx_it.o
    0x08002372   0x08002372   0x00000002   PAD
    0x08002374   0x08002374   0x0000002a   Code   RO           47    .text.__NVIC_SystemReset  main.o
    0x0800239e   0x0800239e   0x00000002   PAD
    0x080023a0   0x080023a0   0x0000002a   Code   RO          449    .text.__NVIC_SystemReset  stm32f1xx_hal_cortex.o
    0x080023ca   0x080023ca   0x00000002   PAD
    0x080023cc   0x080023cc   0x00000062   Code   RO           23    .text.calc_sum4     can-bridge-firmware.o
    0x0800242e   0x0800242e   0x00000002   PAD
    0x08002430   0x08002430   0x000000e6   Code   RO           21    .text.calculate_SOH_bars  can-bridge-firmware.o
    0x08002516   0x08002516   0x00000002   PAD
    0x08002518   0x08002518   0x00000b74   Code   RO           27    .text.can_handler   can-bridge-firmware.o
    0x0800308c   0x0800308c   0x0000006e   Code   RO           17    .text.convert_5bc_to_array  can-bridge-firmware.o
    0x080030fa   0x080030fa   0x00000002   PAD
    0x080030fc   0x080030fc   0x0000002c   Code   RO           19    .text.convert_5c0_to_array  can-bridge-firmware.o
    0x08003128   0x08003128   0x00000208   Code   RO           43    .text.main          main.o
    0x08003330   0x08003330   0x0000002a   Code   RO           25    .text.one_second_ping  can-bridge-firmware.o
    0x0800335a   0x0800335a   0x00000002   PAD
    0x0800335c   0x0800335c   0x000000d4   Code   RO           91    .text.sendCan       can.o
    0x08003430   0x08003430   0x0000000e   Data   RO          351    .rodata..L__const.HAL_RCC_GetSysClockFreq.aPLLMULFactorTable  stm32f1xx_hal_rcc.o
    0x0800343e   0x0800343e   0x00000010   Data   RO          623    .rodata.AHBPrescTable  system_stm32f1xx.o
    0x0800344e   0x0800344e   0x0000000c   Data   RO           52    .rodata.au8_lock    main.o
    0x0800345a   0x0800345a   0x00000038   Data   RO           31    .rodata.charge_time  can-bridge-firmware.o
    0x08003492   0x08003492   0x00000100   Data   RO           29    .rodata.crctable    can-bridge-firmware.o
    0x08003592   0x08003592   0x00000010   Data   RO          352    .rodata.cst16       stm32f1xx_hal_rcc.o
    0x080035a2   0x080035a2   0x0000000d   Data   RO           30    .rodata.temp_lut    can-bridge-firmware.o
    0x080035af   0x080035af   0x00000001   PAD
    0x080035b0   0x080035b0   0x00000020   Data   RO          816    Region$$Table       anon$$obj.o


    Execution Region RW_IRAM1 (Exec base: 0x20000000, Load base: 0x080035d0, Size: 0x00000c70, Max: 0x00010000, ABSOLUTE)

    Exec Addr    Load Addr    Size         Type   Attr      Idx    E Section Name        Object

    0x20000000   0x080035d0   0x00000070   Data   RW           32    .data..L_MergedGlobals  can-bridge-firmware.o
    0x20000070   0x08003640   0x00000008   Data   RW          314    .data..L_MergedGlobals  stm32f1xx_hal.o
    0x20000078   0x08003648   0x00000040   Data   RW           33    .data..L_MergedGlobals.6  can-bridge-firmware.o
    0x200000b8   0x08003688   0x00000004   Data   RW          622    .data.SystemCoreClock  system_stm32f1xx.o
    0x200000bc   0x0800368c   0x00000004   PAD
    0x200000c0        -       0x00000060   Zero   RW          681    .bss                c_w.l(libspace.o)
    0x20000120        -       0x00000020   Zero   RW           54    .bss..L_MergedGlobals  main.o
    0x20000140        -       0x00000008   Zero   RW          101    .bss..L_MergedGlobals  can.o
    0x20000148        -       0x00000024   Zero   RW           34    .bss..L_MergedGlobals.7  can-bridge-firmware.o
    0x2000016c        -       0x00000400   Zero   RW          100    .bss.CanBuffer      can.o
    0x2000056c        -       0x00000004   Zero   RW           99    .bss.HAL_RCC_CAN1_CLK_ENABLED  can.o
    0x20000570        -       0x00000064   Zero   RW           97    .bss.hcan1          can.o
    0x200005d4        -       0x00000064   Zero   RW           98    .bss.hcan2          can.o
    0x20000638        -       0x0000000c   Zero   RW          112    .bss.hiwdg          iwdg.o
    0x20000644   0x0800368c   0x00000004   PAD
    0x20000648        -       0x00000020   Zero   RW          547    .bss.pFlash         stm32f1xx_hal_flash.o
    0x20000668        -       0x00000004   Zero   RW          313    .bss.uwTick         stm32f1xx_hal.o
    0x2000066c   0x0800368c   0x00000004   PAD
    0x20000670        -       0x00000200   Zero   RW            2    HEAP                startup_stm32f105xc.o
    0x20000870        -       0x00000400   Zero   RW            1    STACK               startup_stm32f105xc.o


==============================================================================

Image component sizes


      Code (inc. data)   RO Data    RW Data    ZI Data      Debug   Object Name

      3456        112        325        176         36       9931   can-bridge-firmware.o
      1666          8          0          0       1236      13103   can.o
       140          0          0          0          0       1494   gpio.o
        46          0          0          0         12       1219   iwdg.o
       572          0         12          0         32       5366   main.o
        64         26        336          0       1536        800   startup_stm32f105xc.o
       148          0          0          8          4       6101   stm32f1xx_hal.o
      2066         26          0          0          0      17698   stm32f1xx_hal_can.o
       240          0          0          0          0       8785   stm32f1xx_hal_cortex.o
       336          0          0          0         32       5498   stm32f1xx_hal_flash.o
       902          0          0          0          0       6964   stm32f1xx_hal_flash_ex.o
       540         22          0          0          0       4633   stm32f1xx_hal_gpio.o
       100          0          0          0          0       1654   stm32f1xx_hal_iwdg.o
        66          0          0          0          0       1241   stm32f1xx_hal_msp.o
      1716          0         30          0          0       8807   stm32f1xx_hal_rcc.o
        92          0          0          0          0       4381   stm32f1xx_it.o
         2          0         16          4          0       2026   system_stm32f1xx.o

    ----------------------------------------------------------------------
     12256        194        752        188       2900      99701   Object Totals
         0          0         32          0          0          0   (incl. Generated)
       104          0          1          0         12          0   (incl. Padding)

    ----------------------------------------------------------------------

      Code (inc. data)   RO Data    RW Data    ZI Data      Debug   Library Member Name

         8          0          0          0          0         68   __main.o
         0          0          0          0          0          0   __rtentry.o
        12          0          0          0          0          0   __rtentry2.o
         6          0          0          0          0          0   __rtentry4.o
        52          8          0          0          0          0   __scatter.o
        26          0          0          0          0          0   __scatter_copy.o
        28          0          0          0          0          0   __scatter_zi.o
        18          0          0          0          0         80   exit.o
         6          0          0          0          0        152   heapauxi.o
         0          0          0          0          0          0   indicate_semi.o
         2          0          0          0          0          0   libinit.o
         2          0          0          0          0          0   libinit2.o
         2          0          0          0          0          0   libshutdown.o
         2          0          0          0          0          0   libshutdown2.o
         8          4          0          0         96         68   libspace.o
       240          0          0          0          0        100   lludivv7m.o
       100          0          0          0          0         80   rt_memcpy_w.o
         2          0          0          0          0          0   rtexit.o
        10          0          0          0          0          0   rtexit2.o
       150          0          0          0          0         80   strncmp.o
        12          4          0          0          0         68   sys_exit.o
        74          0          0          0          0         80   sys_stackheap_outer.o
         2          0          0          0          0         68   use_no_semi.o

    ----------------------------------------------------------------------
       768         16          0          0         96        844   Library Totals
         6          0          0          0          0          0   (incl. Padding)

    ----------------------------------------------------------------------

      Code (inc. data)   RO Data    RW Data    ZI Data      Debug   Library Name

       762         16          0          0         96        844   c_w.l

    ----------------------------------------------------------------------
       768         16          0          0         96        844   Library Totals

    ----------------------------------------------------------------------

==============================================================================


      Code (inc. data)   RO Data    RW Data    ZI Data      Debug   

     13024        210        752        188       2996      99981   Grand Totals
     13024        210        752        188       2996      99981   ELF Image Totals
     13024        210        752        188          0          0   ROM Totals

==============================================================================

    Total RO  Size (Code + RO Data)                13776 (  13.45kB)
    Total RW  Size (RW Data + ZI Data)              3184 (   3.11kB)
    Total ROM Size (Code + RO Data + RW Data)      13964 (  13.64kB)

==============================================================================

